00:16:30 **** Incremental Build of configuration Debug for project LiME ****
make pre-build main-build 
a9-linaro-pre-build-step
' '
make: Nothing to be done for 'main-build'.
00:16:33 **** Incremental Build of configuration Debug for project LiME ****
make pre-build main-build 
a9-linaro-pre-build-step
' '
make: Nothing to be done for 'main-build'.
00:16:59 **** Incremental Build of configuration Debug for project LiME ****
make pre-build main-build 
a9-linaro-pre-build-step
' '
make: Nothing to be done for 'main-build'.
00:17:34 **** Auto Build of configuration Debug for project LiME ****
make pre-build main-build 
a9-linaro-pre-build-step
' '
'Building file: ../src/randa.cpp'
'Invoking: ARM v7 g++ compiler'
arm-none-eabi-g++ -DZYNQ -DHPL_CALL_VSIPL -DXILTIME -DSTANDALONE -Wall -O0 -g3 -c -fmessage-length=0 -MT"src/randa.o" -mcpu=cortex-a9 -mfpu=vfpv3 -mfloat-abi=hard -I../../LiME_bsp/ps7_cortexa9_0/include -MMD -MP -MF"src/randa.d" -MT"src/randa.o" -o "src/randa.o" "../src/randa.cpp"
In file included from ../src/randa.cpp:14:0:
../src/monitor.h:11:0: warning: "ZYNQ" redefined
 #define ZYNQ
 
<command-line>:0:0: note: this is the location of the previous definition
In file included from ../src/ticks.h:87:0,
                 from ../src/randa.cpp:15:
../../LiME_bsp/ps7_cortexa9_0/include/xtime_l.h:87:70: note: #pragma message: For the sleep routines, Global timer is being used
 #pragma message ("For the sleep routines, Global timer is being used")
                                                                      ^
../src/randa.cpp: In function 'int main()':
../src/randa.cpp:115:7: warning: variable 'val' set but not used [-Wunused-but-set-variable]
   int val;
       ^~~
'Finished building: ../src/randa.cpp'
' '
'Building target: LiME.elf'
'Invoking: ARM v7 g++ linker'
arm-none-eabi-g++ -mcpu=cortex-a9 -mfpu=vfpv3 -mfloat-abi=hard -Wl,-build-id=none -specs=Xilinx.spec -Wl,-T -Wl,../src/lscript.ld -L../../LiME_bsp/ps7_cortexa9_0/lib -o "LiME.elf"  ./src/core_single_cpu_lcg.o ./src/platform.o ./src/platform_zynq.o ./src/randa.o ./src/udp_perf_server.o ./src/utility.o   -Wl,--start-group,-lxil,-lgcc,-lc,-lstdc++,--end-group -Wl,--start-group,-lxil,-llwip4,-lgcc,-lc,--end-group
'Finished building target: LiME.elf'
' '
'Invoking: ARM v7 Print Size'
arm-none-eabi-size LiME.elf  |tee "LiME.elf.size"
   text	   data	    bss	    dec	    hex	filename
 183384	   3472	13711664	13898520	 d41318	LiME.elf
'Finished building: LiME.elf.size'
' '
00:17:39 **** Incremental Build of configuration Debug for project LiME ****
make pre-build main-build 
a9-linaro-pre-build-step
' '
make: Nothing to be done for 'main-build'.
00:21:17 **** Auto Build of configuration Debug for project LiME ****
make pre-build main-build 
a9-linaro-pre-build-step
' '
'Building file: ../src/randa.cpp'
'Invoking: ARM v7 g++ compiler'
arm-none-eabi-g++ -DZYNQ -DHPL_CALL_VSIPL -DXILTIME -DSTANDALONE -Wall -O0 -g3 -c -fmessage-length=0 -MT"src/randa.o" -mcpu=cortex-a9 -mfpu=vfpv3 -mfloat-abi=hard -I../../LiME_bsp/ps7_cortexa9_0/include -MMD -MP -MF"src/randa.d" -MT"src/randa.o" -o "src/randa.o" "../src/randa.cpp"
In file included from ../src/randa.cpp:14:0:
../src/monitor.h:11:0: warning: "ZYNQ" redefined
 #define ZYNQ
 
<command-line>:0:0: note: this is the location of the previous definition
In file included from ../src/ticks.h:87:0,
                 from ../src/randa.cpp:15:
../../LiME_bsp/ps7_cortexa9_0/include/xtime_l.h:87:70: note: #pragma message: For the sleep routines, Global timer is being used
 #pragma message ("For the sleep routines, Global timer is being used")
                                                                      ^
../src/randa.cpp: In function 'int main()':
../src/randa.cpp:115:7: warning: variable 'val' set but not used [-Wunused-but-set-variable]
   int val;
       ^~~
'Finished building: ../src/randa.cpp'
' '
'Building target: LiME.elf'
'Invoking: ARM v7 g++ linker'
arm-none-eabi-g++ -mcpu=cortex-a9 -mfpu=vfpv3 -mfloat-abi=hard -Wl,-build-id=none -specs=Xilinx.spec -Wl,-T -Wl,../src/lscript.ld -L../../LiME_bsp/ps7_cortexa9_0/lib -o "LiME.elf"  ./src/core_single_cpu_lcg.o ./src/platform.o ./src/platform_zynq.o ./src/randa.o ./src/udp_perf_server.o ./src/utility.o   -Wl,--start-group,-lxil,-lgcc,-lc,-lstdc++,--end-group -Wl,--start-group,-lxil,-llwip4,-lgcc,-lc,--end-group
'Finished building target: LiME.elf'
' '
'Invoking: ARM v7 Print Size'
arm-none-eabi-size LiME.elf  |tee "LiME.elf.size"
   text	   data	    bss	    dec	    hex	filename
 183384	   3472	13711664	13898520	 d41318	LiME.elf
'Finished building: LiME.elf.size'
' '
00:21:23 **** Incremental Build of configuration Debug for project LiME ****
make pre-build main-build 
a9-linaro-pre-build-step
' '
make: Nothing to be done for 'main-build'.
00:30:33 **** Auto Build of configuration Debug for project LiME ****
make pre-build main-build 
a9-linaro-pre-build-step
' '
'Building file: ../src/core_single_cpu_lcg.cpp'
'Invoking: ARM v7 g++ compiler'
arm-none-eabi-g++ -DZYNQ -DHPL_CALL_VSIPL -DXILTIME -DSTANDALONE -Wall -O0 -g3 -c -fmessage-length=0 -MT"src/core_single_cpu_lcg.o" -mcpu=cortex-a9 -mfpu=vfpv3 -mfloat-abi=hard -I../../LiME_bsp/ps7_cortexa9_0/include -MMD -MP -MF"src/core_single_cpu_lcg.d" -MT"src/core_single_cpu_lcg.o" -o "src/core_single_cpu_lcg.o" "../src/core_single_cpu_lcg.cpp"
In file included from ../src/core_single_cpu_lcg.cpp:53:0:
../src/monitor.h:11:0: warning: "ZYNQ" redefined
 #define ZYNQ
 
<command-line>:0:0: note: this is the location of the previous definition
In file included from ../src/ticks.h:87:0,
                 from ../src/core_single_cpu_lcg.cpp:54:
../../LiME_bsp/ps7_cortexa9_0/include/xtime_l.h:87:70: note: #pragma message: For the sleep routines, Global timer is being used
 #pragma message ("For the sleep routines, Global timer is being used")
                                                                      ^
'Finished building: ../src/core_single_cpu_lcg.cpp'
' '
'Building file: ../src/randa.cpp'
'Invoking: ARM v7 g++ compiler'
arm-none-eabi-g++ -DZYNQ -DHPL_CALL_VSIPL -DXILTIME -DSTANDALONE -Wall -O0 -g3 -c -fmessage-length=0 -MT"src/randa.o" -mcpu=cortex-a9 -mfpu=vfpv3 -mfloat-abi=hard -I../../LiME_bsp/ps7_cortexa9_0/include -MMD -MP -MF"src/randa.d" -MT"src/randa.o" -o "src/randa.o" "../src/randa.cpp"
In file included from ../src/randa.cpp:14:0:
../src/monitor.h:11:0: warning: "ZYNQ" redefined
 #define ZYNQ
 
<command-line>:0:0: note: this is the location of the previous definition
In file included from ../src/ticks.h:87:0,
                 from ../src/randa.cpp:15:
../../LiME_bsp/ps7_cortexa9_0/include/xtime_l.h:87:70: note: #pragma message: For the sleep routines, Global timer is being used
 #pragma message ("For the sleep routines, Global timer is being used")
                                                                      ^
../src/randa.cpp: In function 'int main()':
../src/randa.cpp:115:7: warning: variable 'val' set but not used [-Wunused-but-set-variable]
   int val;
       ^~~
'Finished building: ../src/randa.cpp'
' '
'Building target: LiME.elf'
'Invoking: ARM v7 g++ linker'
arm-none-eabi-g++ -mcpu=cortex-a9 -mfpu=vfpv3 -mfloat-abi=hard -Wl,-build-id=none -specs=Xilinx.spec -Wl,-T -Wl,../src/lscript.ld -L../../LiME_bsp/ps7_cortexa9_0/lib -o "LiME.elf"  ./src/core_single_cpu_lcg.o ./src/platform.o ./src/platform_zynq.o ./src/randa.o ./src/udp_perf_server.o ./src/utility.o   -Wl,--start-group,-lxil,-lgcc,-lc,-lstdc++,--end-group -Wl,--start-group,-lxil,-llwip4,-lgcc,-lc,--end-group
'Finished building target: LiME.elf'
' '
'Invoking: ARM v7 Print Size'
arm-none-eabi-size LiME.elf  |tee "LiME.elf.size"
   text	   data	    bss	    dec	    hex	filename
 183384	   3472	13711664	13898520	 d41318	LiME.elf
'Finished building: LiME.elf.size'
' '
00:31:53 **** Auto Build of configuration Debug for project LiME ****
make pre-build main-build 
a9-linaro-pre-build-step
' '
'Building file: ../src/core_single_cpu_lcg.cpp'
'Invoking: ARM v7 g++ compiler'
arm-none-eabi-g++ -DZYNQ -DHPL_CALL_VSIPL -DXILTIME -DSTANDALONE -Wall -O0 -g3 -c -fmessage-length=0 -MT"src/core_single_cpu_lcg.o" -mcpu=cortex-a9 -mfpu=vfpv3 -mfloat-abi=hard -I../../LiME_bsp/ps7_cortexa9_0/include -MMD -MP -MF"src/core_single_cpu_lcg.d" -MT"src/core_single_cpu_lcg.o" -o "src/core_single_cpu_lcg.o" "../src/core_single_cpu_lcg.cpp"
In file included from ../src/core_single_cpu_lcg.cpp:53:0:
../src/monitor.h:11:0: warning: "ZYNQ" redefined
 #define ZYNQ
 
<command-line>:0:0: note: this is the location of the previous definition
In file included from ../src/ticks.h:87:0,
                 from ../src/core_single_cpu_lcg.cpp:54:
../../LiME_bsp/ps7_cortexa9_0/include/xtime_l.h:87:70: note: #pragma message: For the sleep routines, Global timer is being used
 #pragma message ("For the sleep routines, Global timer is being used")
                                                                      ^
'Finished building: ../src/core_single_cpu_lcg.cpp'
' '
'Building file: ../src/randa.cpp'
'Invoking: ARM v7 g++ compiler'
arm-none-eabi-g++ -DZYNQ -DHPL_CALL_VSIPL -DXILTIME -DSTANDALONE -Wall -O0 -g3 -c -fmessage-length=0 -MT"src/randa.o" -mcpu=cortex-a9 -mfpu=vfpv3 -mfloat-abi=hard -I../../LiME_bsp/ps7_cortexa9_0/include -MMD -MP -MF"src/randa.d" -MT"src/randa.o" -o "src/randa.o" "../src/randa.cpp"
In file included from ../src/randa.cpp:14:0:
../src/monitor.h:11:0: warning: "ZYNQ" redefined
 #define ZYNQ
 
<command-line>:0:0: note: this is the location of the previous definition
In file included from ../src/ticks.h:87:0,
                 from ../src/randa.cpp:15:
../../LiME_bsp/ps7_cortexa9_0/include/xtime_l.h:87:70: note: #pragma message: For the sleep routines, Global timer is being used
 #pragma message ("For the sleep routines, Global timer is being used")
                                                                      ^
../src/randa.cpp: In function 'int main()':
../src/randa.cpp:115:7: warning: variable 'val' set but not used [-Wunused-but-set-variable]
   int val;
       ^~~
'Finished building: ../src/randa.cpp'
' '
'Building target: LiME.elf'
'Invoking: ARM v7 g++ linker'
arm-none-eabi-g++ -mcpu=cortex-a9 -mfpu=vfpv3 -mfloat-abi=hard -Wl,-build-id=none -specs=Xilinx.spec -Wl,-T -Wl,../src/lscript.ld -L../../LiME_bsp/ps7_cortexa9_0/lib -o "LiME.elf"  ./src/core_single_cpu_lcg.o ./src/platform.o ./src/platform_zynq.o ./src/randa.o ./src/udp_perf_server.o ./src/utility.o   -Wl,--start-group,-lxil,-lgcc,-lc,-lstdc++,--end-group -Wl,--start-group,-lxil,-llwip4,-lgcc,-lc,--end-group
./src/randa.o:Z:\Projects\ASIC2\Vivado\LiME_RISCV_v3\LiME_RISCV_v3.sdk\LiME\Debug/../src/monitor.h:28: multiple definition of `last_addr'
./src/core_single_cpu_lcg.o:Z:\Projects\ASIC2\Vivado\LiME_RISCV_v3\LiME_RISCV_v3.sdk\LiME\Debug/../src/monitor.h:28: first defined here
collect2.exe: error: ld returned 1 exit status
make: *** [makefile:53: LiME.elf] Error 1
00:33:12 **** Auto Build of configuration Debug for project LiME ****
make pre-build main-build 
a9-linaro-pre-build-step
' '
'Building file: ../src/core_single_cpu_lcg.cpp'
'Invoking: ARM v7 g++ compiler'
arm-none-eabi-g++ -DZYNQ -DHPL_CALL_VSIPL -DXILTIME -DSTANDALONE -Wall -O0 -g3 -c -fmessage-length=0 -MT"src/core_single_cpu_lcg.o" -mcpu=cortex-a9 -mfpu=vfpv3 -mfloat-abi=hard -I../../LiME_bsp/ps7_cortexa9_0/include -MMD -MP -MF"src/core_single_cpu_lcg.d" -MT"src/core_single_cpu_lcg.o" -o "src/core_single_cpu_lcg.o" "../src/core_single_cpu_lcg.cpp"
In file included from ../src/core_single_cpu_lcg.cpp:53:0:
../src/monitor.h:11:0: warning: "ZYNQ" redefined
 #define ZYNQ
 
<command-line>:0:0: note: this is the location of the previous definition
In file included from ../src/ticks.h:87:0,
                 from ../src/core_single_cpu_lcg.cpp:54:
../../LiME_bsp/ps7_cortexa9_0/include/xtime_l.h:87:70: note: #pragma message: For the sleep routines, Global timer is being used
 #pragma message ("For the sleep routines, Global timer is being used")
                                                                      ^
'Finished building: ../src/core_single_cpu_lcg.cpp'
' '
'Building file: ../src/randa.cpp'
'Invoking: ARM v7 g++ compiler'
arm-none-eabi-g++ -DZYNQ -DHPL_CALL_VSIPL -DXILTIME -DSTANDALONE -Wall -O0 -g3 -c -fmessage-length=0 -MT"src/randa.o" -mcpu=cortex-a9 -mfpu=vfpv3 -mfloat-abi=hard -I../../LiME_bsp/ps7_cortexa9_0/include -MMD -MP -MF"src/randa.d" -MT"src/randa.o" -o "src/randa.o" "../src/randa.cpp"
In file included from ../src/randa.cpp:14:0:
../src/monitor.h:11:0: warning: "ZYNQ" redefined
 #define ZYNQ
 
<command-line>:0:0: note: this is the location of the previous definition
In file included from ../src/ticks.h:87:0,
                 from ../src/randa.cpp:15:
../../LiME_bsp/ps7_cortexa9_0/include/xtime_l.h:87:70: note: #pragma message: For the sleep routines, Global timer is being used
 #pragma message ("For the sleep routines, Global timer is being used")
                                                                      ^
../src/randa.cpp: In function 'int main()':
../src/randa.cpp:115:7: warning: variable 'val' set but not used [-Wunused-but-set-variable]
   int val;
       ^~~
'Finished building: ../src/randa.cpp'
' '
'Building target: LiME.elf'
'Invoking: ARM v7 g++ linker'
arm-none-eabi-g++ -mcpu=cortex-a9 -mfpu=vfpv3 -mfloat-abi=hard -Wl,-build-id=none -specs=Xilinx.spec -Wl,-T -Wl,../src/lscript.ld -L../../LiME_bsp/ps7_cortexa9_0/lib -o "LiME.elf"  ./src/core_single_cpu_lcg.o ./src/platform.o ./src/platform_zynq.o ./src/randa.o ./src/udp_perf_server.o ./src/utility.o   -Wl,--start-group,-lxil,-lgcc,-lc,-lstdc++,--end-group -Wl,--start-group,-lxil,-llwip4,-lgcc,-lc,--end-group
./src/randa.o:Z:\Projects\ASIC2\Vivado\LiME_RISCV_v3\LiME_RISCV_v3.sdk\LiME\Debug/../src/monitor.h:28: multiple definition of `last_addr'
./src/core_single_cpu_lcg.o:Z:\Projects\ASIC2\Vivado\LiME_RISCV_v3\LiME_RISCV_v3.sdk\LiME\Debug/../src/monitor.h:28: first defined here
collect2.exe: error: ld returned 1 exit status
make: *** [makefile:53: LiME.elf] Error 1
00:33:32 **** Auto Build of configuration Debug for project LiME ****
make pre-build main-build 
a9-linaro-pre-build-step
' '
'Building file: ../src/core_single_cpu_lcg.cpp'
'Invoking: ARM v7 g++ compiler'
arm-none-eabi-g++ -DZYNQ -DHPL_CALL_VSIPL -DXILTIME -DSTANDALONE -Wall -O0 -g3 -c -fmessage-length=0 -MT"src/core_single_cpu_lcg.o" -mcpu=cortex-a9 -mfpu=vfpv3 -mfloat-abi=hard -I../../LiME_bsp/ps7_cortexa9_0/include -MMD -MP -MF"src/core_single_cpu_lcg.d" -MT"src/core_single_cpu_lcg.o" -o "src/core_single_cpu_lcg.o" "../src/core_single_cpu_lcg.cpp"
In file included from ../src/core_single_cpu_lcg.cpp:53:0:
../src/monitor.h:11:0: warning: "ZYNQ" redefined
 #define ZYNQ
 
<command-line>:0:0: note: this is the location of the previous definition
In file included from ../src/ticks.h:87:0,
                 from ../src/core_single_cpu_lcg.cpp:54:
../../LiME_bsp/ps7_cortexa9_0/include/xtime_l.h:87:70: note: #pragma message: For the sleep routines, Global timer is being used
 #pragma message ("For the sleep routines, Global timer is being used")
                                                                      ^
'Finished building: ../src/core_single_cpu_lcg.cpp'
' '
'Building file: ../src/randa.cpp'
'Invoking: ARM v7 g++ compiler'
arm-none-eabi-g++ -DZYNQ -DHPL_CALL_VSIPL -DXILTIME -DSTANDALONE -Wall -O0 -g3 -c -fmessage-length=0 -MT"src/randa.o" -mcpu=cortex-a9 -mfpu=vfpv3 -mfloat-abi=hard -I../../LiME_bsp/ps7_cortexa9_0/include -MMD -MP -MF"src/randa.d" -MT"src/randa.o" -o "src/randa.o" "../src/randa.cpp"
In file included from ../src/randa.cpp:14:0:
../src/monitor.h:11:0: warning: "ZYNQ" redefined
 #define ZYNQ
 
<command-line>:0:0: note: this is the location of the previous definition
In file included from ../src/ticks.h:87:0,
                 from ../src/randa.cpp:15:
../../LiME_bsp/ps7_cortexa9_0/include/xtime_l.h:87:70: note: #pragma message: For the sleep routines, Global timer is being used
 #pragma message ("For the sleep routines, Global timer is being used")
                                                                      ^
../src/randa.cpp: In function 'int main()':
../src/randa.cpp:115:7: warning: variable 'val' set but not used [-Wunused-but-set-variable]
   int val;
       ^~~
'Finished building: ../src/randa.cpp'
' '
'Building target: LiME.elf'
'Invoking: ARM v7 g++ linker'
arm-none-eabi-g++ -mcpu=cortex-a9 -mfpu=vfpv3 -mfloat-abi=hard -Wl,-build-id=none -specs=Xilinx.spec -Wl,-T -Wl,../src/lscript.ld -L../../LiME_bsp/ps7_cortexa9_0/lib -o "LiME.elf"  ./src/core_single_cpu_lcg.o ./src/platform.o ./src/platform_zynq.o ./src/randa.o ./src/udp_perf_server.o ./src/utility.o   -Wl,--start-group,-lxil,-lgcc,-lc,-lstdc++,--end-group -Wl,--start-group,-lxil,-llwip4,-lgcc,-lc,--end-group
'Finished building target: LiME.elf'
' '
'Invoking: ARM v7 Print Size'
arm-none-eabi-size LiME.elf  |tee "LiME.elf.size"
   text	   data	    bss	    dec	    hex	filename
 183384	   3472	13711664	13898520	 d41318	LiME.elf
'Finished building: LiME.elf.size'
' '
00:33:56 **** Auto Build of configuration Debug for project LiME ****
make pre-build main-build 
a9-linaro-pre-build-step
' '
'Building file: ../src/randa.cpp'
'Invoking: ARM v7 g++ compiler'
arm-none-eabi-g++ -DZYNQ -DHPL_CALL_VSIPL -DXILTIME -DSTANDALONE -Wall -O0 -g3 -c -fmessage-length=0 -MT"src/randa.o" -mcpu=cortex-a9 -mfpu=vfpv3 -mfloat-abi=hard -I../../LiME_bsp/ps7_cortexa9_0/include -MMD -MP -MF"src/randa.d" -MT"src/randa.o" -o "src/randa.o" "../src/randa.cpp"
In file included from ../src/randa.cpp:14:0:
../src/monitor.h:11:0: warning: "ZYNQ" redefined
 #define ZYNQ
 
<command-line>:0:0: note: this is the location of the previous definition
In file included from ../src/ticks.h:87:0,
                 from ../src/randa.cpp:15:
../../LiME_bsp/ps7_cortexa9_0/include/xtime_l.h:87:70: note: #pragma message: For the sleep routines, Global timer is being used
 #pragma message ("For the sleep routines, Global timer is being used")
                                                                      ^
../src/randa.cpp: In function 'int main()':
../src/randa.cpp:117:7: warning: variable 'val' set but not used [-Wunused-but-set-variable]
   int val;
       ^~~
'Finished building: ../src/randa.cpp'
' '
'Building target: LiME.elf'
'Invoking: ARM v7 g++ linker'
arm-none-eabi-g++ -mcpu=cortex-a9 -mfpu=vfpv3 -mfloat-abi=hard -Wl,-build-id=none -specs=Xilinx.spec -Wl,-T -Wl,../src/lscript.ld -L../../LiME_bsp/ps7_cortexa9_0/lib -o "LiME.elf"  ./src/core_single_cpu_lcg.o ./src/platform.o ./src/platform_zynq.o ./src/randa.o ./src/udp_perf_server.o ./src/utility.o   -Wl,--start-group,-lxil,-lgcc,-lc,-lstdc++,--end-group -Wl,--start-group,-lxil,-llwip4,-lgcc,-lc,--end-group
'Finished building target: LiME.elf'
' '
'Invoking: ARM v7 Print Size'
arm-none-eabi-size LiME.elf  |tee "LiME.elf.size"
   text	   data	    bss	    dec	    hex	filename
 183384	   3472	13711664	13898520	 d41318	LiME.elf
'Finished building: LiME.elf.size'
' '
00:34:19 **** Auto Build of configuration Debug for project LiME ****
make pre-build main-build 
a9-linaro-pre-build-step
' '
'Building file: ../src/randa.cpp'
'Invoking: ARM v7 g++ compiler'
arm-none-eabi-g++ -DZYNQ -DHPL_CALL_VSIPL -DXILTIME -DSTANDALONE -Wall -O0 -g3 -c -fmessage-length=0 -MT"src/randa.o" -mcpu=cortex-a9 -mfpu=vfpv3 -mfloat-abi=hard -I../../LiME_bsp/ps7_cortexa9_0/include -MMD -MP -MF"src/randa.d" -MT"src/randa.o" -o "src/randa.o" "../src/randa.cpp"
In file included from ../src/randa.cpp:14:0:
../src/monitor.h:11:0: warning: "ZYNQ" redefined
 #define ZYNQ
 
<command-line>:0:0: note: this is the location of the previous definition
In file included from ../src/ticks.h:87:0,
                 from ../src/randa.cpp:15:
../../LiME_bsp/ps7_cortexa9_0/include/xtime_l.h:87:70: note: #pragma message: For the sleep routines, Global timer is being used
 #pragma message ("For the sleep routines, Global timer is being used")
                                                                      ^
../src/randa.cpp: In function 'int main()':
../src/randa.cpp:118:7: warning: variable 'val' set but not used [-Wunused-but-set-variable]
   int val;
       ^~~
'Finished building: ../src/randa.cpp'
' '
'Building target: LiME.elf'
'Invoking: ARM v7 g++ linker'
arm-none-eabi-g++ -mcpu=cortex-a9 -mfpu=vfpv3 -mfloat-abi=hard -Wl,-build-id=none -specs=Xilinx.spec -Wl,-T -Wl,../src/lscript.ld -L../../LiME_bsp/ps7_cortexa9_0/lib -o "LiME.elf"  ./src/core_single_cpu_lcg.o ./src/platform.o ./src/platform_zynq.o ./src/randa.o ./src/udp_perf_server.o ./src/utility.o   -Wl,--start-group,-lxil,-lgcc,-lc,-lstdc++,--end-group -Wl,--start-group,-lxil,-llwip4,-lgcc,-lc,--end-group
'Finished building target: LiME.elf'
' '
'Invoking: ARM v7 Print Size'
arm-none-eabi-size LiME.elf  |tee "LiME.elf.size"
   text	   data	    bss	    dec	    hex	filename
 183384	   3472	13711664	13898520	 d41318	LiME.elf
'Finished building: LiME.elf.size'
' '
00:34:41 **** Auto Build of configuration Debug for project LiME ****
make pre-build main-build 
a9-linaro-pre-build-step
' '
'Building file: ../src/core_single_cpu_lcg.cpp'
'Invoking: ARM v7 g++ compiler'
arm-none-eabi-g++ -DZYNQ -DHPL_CALL_VSIPL -DXILTIME -DSTANDALONE -Wall -O0 -g3 -c -fmessage-length=0 -MT"src/core_single_cpu_lcg.o" -mcpu=cortex-a9 -mfpu=vfpv3 -mfloat-abi=hard -I../../LiME_bsp/ps7_cortexa9_0/include -MMD -MP -MF"src/core_single_cpu_lcg.d" -MT"src/core_single_cpu_lcg.o" -o "src/core_single_cpu_lcg.o" "../src/core_single_cpu_lcg.cpp"
In file included from ../src/core_single_cpu_lcg.cpp:53:0:
../src/monitor.h:11:0: warning: "ZYNQ" redefined
 #define ZYNQ
 
<command-line>:0:0: note: this is the location of the previous definition
In file included from ../src/monitor.h:123:0,
                 from ../src/core_single_cpu_lcg.cpp:53:
../../LiME_bsp/ps7_cortexa9_0/include/xtime_l.h:87:70: note: #pragma message: For the sleep routines, Global timer is being used
 #pragma message ("For the sleep routines, Global timer is being used")
                                                                      ^
In file included from ../src/core_single_cpu_lcg.cpp:53:0:
../src/monitor.h: In function 'void trace_capture()':
../src/monitor.h:342:34: error: 'XPAR_AXI_TCD_0_BASEADDR' was not declared in this scope
  volatile elem_t *tcd = (elem_t*)XPAR_AXI_TCD_0_BASEADDR;
                                  ^~~~~~~~~~~~~~~~~~~~~~~
../src/monitor.h:342:34: note: suggested alternative: 'XPAR_AXI_SHIM_0_BASEADDR'
  volatile elem_t *tcd = (elem_t*)XPAR_AXI_TCD_0_BASEADDR;
                                  ^~~~~~~~~~~~~~~~~~~~~~~
                                  XPAR_AXI_SHIM_0_BASEADDR
make: *** [src/subdir.mk:42: src/core_single_cpu_lcg.o] Error 1
00:35:57 **** Auto Build of configuration Debug for project LiME ****
make pre-build main-build 
a9-linaro-pre-build-step
' '
'Building file: ../src/core_single_cpu_lcg.cpp'
'Invoking: ARM v7 g++ compiler'
arm-none-eabi-g++ -DZYNQ -DHPL_CALL_VSIPL -DXILTIME -DSTANDALONE -Wall -O0 -g3 -c -fmessage-length=0 -MT"src/core_single_cpu_lcg.o" -mcpu=cortex-a9 -mfpu=vfpv3 -mfloat-abi=hard -I../../LiME_bsp/ps7_cortexa9_0/include -MMD -MP -MF"src/core_single_cpu_lcg.d" -MT"src/core_single_cpu_lcg.o" -o "src/core_single_cpu_lcg.o" "../src/core_single_cpu_lcg.cpp"
In file included from ../src/core_single_cpu_lcg.cpp:53:0:
../src/monitor.h:11:0: warning: "ZYNQ" redefined
 #define ZYNQ
 
<command-line>:0:0: note: this is the location of the previous definition
In file included from ../src/monitor.h:123:0,
                 from ../src/core_single_cpu_lcg.cpp:53:
../../LiME_bsp/ps7_cortexa9_0/include/xtime_l.h:87:70: note: #pragma message: For the sleep routines, Global timer is being used
 #pragma message ("For the sleep routines, Global timer is being used")
                                                                      ^
'Finished building: ../src/core_single_cpu_lcg.cpp'
' '
'Building file: ../src/randa.cpp'
'Invoking: ARM v7 g++ compiler'
arm-none-eabi-g++ -DZYNQ -DHPL_CALL_VSIPL -DXILTIME -DSTANDALONE -Wall -O0 -g3 -c -fmessage-length=0 -MT"src/randa.o" -mcpu=cortex-a9 -mfpu=vfpv3 -mfloat-abi=hard -I../../LiME_bsp/ps7_cortexa9_0/include -MMD -MP -MF"src/randa.d" -MT"src/randa.o" -o "src/randa.o" "../src/randa.cpp"
In file included from ../src/randa.cpp:14:0:
../src/monitor.h:11:0: warning: "ZYNQ" redefined
 #define ZYNQ
 
<command-line>:0:0: note: this is the location of the previous definition
In file included from ../src/monitor.h:123:0,
                 from ../src/randa.cpp:14:
../../LiME_bsp/ps7_cortexa9_0/include/xtime_l.h:87:70: note: #pragma message: For the sleep routines, Global timer is being used
 #pragma message ("For the sleep routines, Global timer is being used")
                                                                      ^
../src/randa.cpp: In function 'int main()':
../src/randa.cpp:118:7: warning: variable 'val' set but not used [-Wunused-but-set-variable]
   int val;
       ^~~
'Finished building: ../src/randa.cpp'
' '
'Building target: LiME.elf'
'Invoking: ARM v7 g++ linker'
arm-none-eabi-g++ -mcpu=cortex-a9 -mfpu=vfpv3 -mfloat-abi=hard -Wl,-build-id=none -specs=Xilinx.spec -Wl,-T -Wl,../src/lscript.ld -L../../LiME_bsp/ps7_cortexa9_0/lib -o "LiME.elf"  ./src/core_single_cpu_lcg.o ./src/platform.o ./src/platform_zynq.o ./src/randa.o ./src/udp_perf_server.o ./src/utility.o   -Wl,--start-group,-lxil,-lgcc,-lc,-lstdc++,--end-group -Wl,--start-group,-lxil,-llwip4,-lgcc,-lc,--end-group
'Finished building target: LiME.elf'
' '
'Invoking: ARM v7 Print Size'
arm-none-eabi-size LiME.elf  |tee "LiME.elf.size"
   text	   data	    bss	    dec	    hex	filename
 183520	   3472	13711672	13898664	 d413a8	LiME.elf
'Finished building: LiME.elf.size'
' '
00:36:32 **** Auto Build of configuration Debug for project LiME ****
make pre-build main-build 
a9-linaro-pre-build-step
' '
'Building file: ../src/core_single_cpu_lcg.cpp'
'Invoking: ARM v7 g++ compiler'
arm-none-eabi-g++ -DZYNQ -DHPL_CALL_VSIPL -DXILTIME -DSTANDALONE -Wall -O0 -g3 -c -fmessage-length=0 -MT"src/core_single_cpu_lcg.o" -mcpu=cortex-a9 -mfpu=vfpv3 -mfloat-abi=hard -I../../LiME_bsp/ps7_cortexa9_0/include -MMD -MP -MF"src/core_single_cpu_lcg.d" -MT"src/core_single_cpu_lcg.o" -o "src/core_single_cpu_lcg.o" "../src/core_single_cpu_lcg.cpp"
In file included from ../src/core_single_cpu_lcg.cpp:53:0:
../src/monitor.h:11:0: warning: "ZYNQ" redefined
 #define ZYNQ
 
<command-line>:0:0: note: this is the location of the previous definition
In file included from ../src/monitor.h:123:0,
                 from ../src/core_single_cpu_lcg.cpp:53:
../../LiME_bsp/ps7_cortexa9_0/include/xtime_l.h:87:70: note: #pragma message: For the sleep routines, Global timer is being used
 #pragma message ("For the sleep routines, Global timer is being used")
                                                                      ^
'Finished building: ../src/core_single_cpu_lcg.cpp'
' '
'Building file: ../src/randa.cpp'
'Invoking: ARM v7 g++ compiler'
arm-none-eabi-g++ -DZYNQ -DHPL_CALL_VSIPL -DXILTIME -DSTANDALONE -Wall -O0 -g3 -c -fmessage-length=0 -MT"src/randa.o" -mcpu=cortex-a9 -mfpu=vfpv3 -mfloat-abi=hard -I../../LiME_bsp/ps7_cortexa9_0/include -MMD -MP -MF"src/randa.d" -MT"src/randa.o" -o "src/randa.o" "../src/randa.cpp"
In file included from ../src/randa.cpp:14:0:
../src/monitor.h:11:0: warning: "ZYNQ" redefined
 #define ZYNQ
 
<command-line>:0:0: note: this is the location of the previous definition
In file included from ../src/monitor.h:123:0,
                 from ../src/randa.cpp:14:
../../LiME_bsp/ps7_cortexa9_0/include/xtime_l.h:87:70: note: #pragma message: For the sleep routines, Global timer is being used
 #pragma message ("For the sleep routines, Global timer is being used")
                                                                      ^
../src/randa.cpp: In function 'int main()':
../src/randa.cpp:118:7: warning: variable 'val' set but not used [-Wunused-but-set-variable]
   int val;
       ^~~
'Finished building: ../src/randa.cpp'
' '
'Building target: LiME.elf'
'Invoking: ARM v7 g++ linker'
arm-none-eabi-g++ -mcpu=cortex-a9 -mfpu=vfpv3 -mfloat-abi=hard -Wl,-build-id=none -specs=Xilinx.spec -Wl,-T -Wl,../src/lscript.ld -L../../LiME_bsp/ps7_cortexa9_0/lib -o "LiME.elf"  ./src/core_single_cpu_lcg.o ./src/platform.o ./src/platform_zynq.o ./src/randa.o ./src/udp_perf_server.o ./src/utility.o   -Wl,--start-group,-lxil,-lgcc,-lc,-lstdc++,--end-group -Wl,--start-group,-lxil,-llwip4,-lgcc,-lc,--end-group
'Finished building target: LiME.elf'
' '
'Invoking: ARM v7 Print Size'
arm-none-eabi-size LiME.elf  |tee "LiME.elf.size"
   text	   data	    bss	    dec	    hex	filename
 183520	   3472	13711672	13898664	 d413a8	LiME.elf
'Finished building: LiME.elf.size'
' '
00:36:57 **** Auto Build of configuration Debug for project LiME ****
make pre-build main-build 
a9-linaro-pre-build-step
' '
'Building file: ../src/randa.cpp'
'Invoking: ARM v7 g++ compiler'
arm-none-eabi-g++ -DZYNQ -DHPL_CALL_VSIPL -DXILTIME -DSTANDALONE -Wall -O0 -g3 -c -fmessage-length=0 -MT"src/randa.o" -mcpu=cortex-a9 -mfpu=vfpv3 -mfloat-abi=hard -I../../LiME_bsp/ps7_cortexa9_0/include -MMD -MP -MF"src/randa.d" -MT"src/randa.o" -o "src/randa.o" "../src/randa.cpp"
In file included from ../src/randa.cpp:14:0:
../src/monitor.h:11:0: warning: "ZYNQ" redefined
 #define ZYNQ
 
<command-line>:0:0: note: this is the location of the previous definition
In file included from ../src/monitor.h:123:0,
                 from ../src/randa.cpp:14:
../../LiME_bsp/ps7_cortexa9_0/include/xtime_l.h:87:70: note: #pragma message: For the sleep routines, Global timer is being used
 #pragma message ("For the sleep routines, Global timer is being used")
                                                                      ^
../src/randa.cpp: In function 'int main()':
../src/randa.cpp:118:7: warning: unused variable 'val' [-Wunused-variable]
   int val;
       ^~~
'Finished building: ../src/randa.cpp'
' '
'Building target: LiME.elf'
'Invoking: ARM v7 g++ linker'
arm-none-eabi-g++ -mcpu=cortex-a9 -mfpu=vfpv3 -mfloat-abi=hard -Wl,-build-id=none -specs=Xilinx.spec -Wl,-T -Wl,../src/lscript.ld -L../../LiME_bsp/ps7_cortexa9_0/lib -o "LiME.elf"  ./src/core_single_cpu_lcg.o ./src/platform.o ./src/platform_zynq.o ./src/randa.o ./src/udp_perf_server.o ./src/utility.o   -Wl,--start-group,-lxil,-lgcc,-lc,-lstdc++,--end-group -Wl,--start-group,-lxil,-llwip4,-lgcc,-lc,--end-group
'Finished building target: LiME.elf'
' '
'Invoking: ARM v7 Print Size'
arm-none-eabi-size LiME.elf  |tee "LiME.elf.size"
   text	   data	    bss	    dec	    hex	filename
 183136	   3472	13711672	13898280	 d41228	LiME.elf
'Finished building: LiME.elf.size'
' '
00:37:04 **** Incremental Build of configuration Debug for project LiME ****
make pre-build main-build 
a9-linaro-pre-build-step
' '
make: Nothing to be done for 'main-build'.
00:38:35 **** Auto Build of configuration Debug for project LiME ****
make pre-build main-build 
a9-linaro-pre-build-step
' '
'Building file: ../src/randa.cpp'
'Invoking: ARM v7 g++ compiler'
arm-none-eabi-g++ -DZYNQ -DHPL_CALL_VSIPL -DXILTIME -DSTANDALONE -Wall -O0 -g3 -c -fmessage-length=0 -MT"src/randa.o" -mcpu=cortex-a9 -mfpu=vfpv3 -mfloat-abi=hard -I../../LiME_bsp/ps7_cortexa9_0/include -MMD -MP -MF"src/randa.d" -MT"src/randa.o" -o "src/randa.o" "../src/randa.cpp"
In file included from ../src/randa.cpp:14:0:
../src/monitor.h:11:0: warning: "ZYNQ" redefined
 #define ZYNQ
 
<command-line>:0:0: note: this is the location of the previous definition
In file included from ../src/monitor.h:123:0,
                 from ../src/randa.cpp:14:
../../LiME_bsp/ps7_cortexa9_0/include/xtime_l.h:87:70: note: #pragma message: For the sleep routines, Global timer is being used
 #pragma message ("For the sleep routines, Global timer is being used")
                                                                      ^
../src/randa.cpp: In function 'int main()':
../src/randa.cpp:118:7: warning: unused variable 'val' [-Wunused-variable]
   int val;
       ^~~
../src/randa.cpp:79:8: warning: unused variable 'p' [-Wunused-variable]
  pbuf *p;
        ^
'Finished building: ../src/randa.cpp'
' '
'Building target: LiME.elf'
'Invoking: ARM v7 g++ linker'
arm-none-eabi-g++ -mcpu=cortex-a9 -mfpu=vfpv3 -mfloat-abi=hard -Wl,-build-id=none -specs=Xilinx.spec -Wl,-T -Wl,../src/lscript.ld -L../../LiME_bsp/ps7_cortexa9_0/lib -o "LiME.elf"  ./src/core_single_cpu_lcg.o ./src/platform.o ./src/platform_zynq.o ./src/randa.o ./src/udp_perf_server.o ./src/utility.o   -Wl,--start-group,-lxil,-lgcc,-lc,-lstdc++,--end-group -Wl,--start-group,-lxil,-llwip4,-lgcc,-lc,--end-group
'Finished building target: LiME.elf'
' '
'Invoking: ARM v7 Print Size'
arm-none-eabi-size LiME.elf  |tee "LiME.elf.size"
   text	   data	    bss	    dec	    hex	filename
 183000	   3472	13711672	13898144	 d411a0	LiME.elf
'Finished building: LiME.elf.size'
' '
00:38:53 **** Auto Build of configuration Debug for project LiME ****
make pre-build main-build 
a9-linaro-pre-build-step
' '
'Building file: ../src/randa.cpp'
'Invoking: ARM v7 g++ compiler'
arm-none-eabi-g++ -DZYNQ -DHPL_CALL_VSIPL -DXILTIME -DSTANDALONE -Wall -O0 -g3 -c -fmessage-length=0 -MT"src/randa.o" -mcpu=cortex-a9 -mfpu=vfpv3 -mfloat-abi=hard -I../../LiME_bsp/ps7_cortexa9_0/include -MMD -MP -MF"src/randa.d" -MT"src/randa.o" -o "src/randa.o" "../src/randa.cpp"
In file included from ../src/randa.cpp:14:0:
../src/monitor.h:11:0: warning: "ZYNQ" redefined
 #define ZYNQ
 
<command-line>:0:0: note: this is the location of the previous definition
In file included from ../src/monitor.h:123:0,
                 from ../src/randa.cpp:14:
../../LiME_bsp/ps7_cortexa9_0/include/xtime_l.h:87:70: note: #pragma message: For the sleep routines, Global timer is being used
 #pragma message ("For the sleep routines, Global timer is being used")
                                                                      ^
../src/randa.cpp: In function 'int main()':
../src/randa.cpp:119:7: warning: unused variable 'val' [-Wunused-variable]
   int val;
       ^~~
../src/randa.cpp:79:8: warning: unused variable 'p' [-Wunused-variable]
  pbuf *p;
        ^
'Finished building: ../src/randa.cpp'
' '
'Building target: LiME.elf'
'Invoking: ARM v7 g++ linker'
arm-none-eabi-g++ -mcpu=cortex-a9 -mfpu=vfpv3 -mfloat-abi=hard -Wl,-build-id=none -specs=Xilinx.spec -Wl,-T -Wl,../src/lscript.ld -L../../LiME_bsp/ps7_cortexa9_0/lib -o "LiME.elf"  ./src/core_single_cpu_lcg.o ./src/platform.o ./src/platform_zynq.o ./src/randa.o ./src/udp_perf_server.o ./src/utility.o   -Wl,--start-group,-lxil,-lgcc,-lc,-lstdc++,--end-group -Wl,--start-group,-lxil,-llwip4,-lgcc,-lc,--end-group
'Finished building target: LiME.elf'
' '
'Invoking: ARM v7 Print Size'
arm-none-eabi-size LiME.elf  |tee "LiME.elf.size"
   text	   data	    bss	    dec	    hex	filename
 183000	   3472	13711672	13898144	 d411a0	LiME.elf
'Finished building: LiME.elf.size'
' '
00:39:10 **** Auto Build of configuration Debug for project LiME ****
make pre-build main-build 
a9-linaro-pre-build-step
' '
'Building file: ../src/randa.cpp'
'Invoking: ARM v7 g++ compiler'
arm-none-eabi-g++ -DZYNQ -DHPL_CALL_VSIPL -DXILTIME -DSTANDALONE -Wall -O0 -g3 -c -fmessage-length=0 -MT"src/randa.o" -mcpu=cortex-a9 -mfpu=vfpv3 -mfloat-abi=hard -I../../LiME_bsp/ps7_cortexa9_0/include -MMD -MP -MF"src/randa.d" -MT"src/randa.o" -o "src/randa.o" "../src/randa.cpp"
In file included from ../src/randa.cpp:14:0:
../src/monitor.h:11:0: warning: "ZYNQ" redefined
 #define ZYNQ
 
<command-line>:0:0: note: this is the location of the previous definition
In file included from ../src/monitor.h:123:0,
                 from ../src/randa.cpp:14:
../../LiME_bsp/ps7_cortexa9_0/include/xtime_l.h:87:70: note: #pragma message: For the sleep routines, Global timer is being used
 #pragma message ("For the sleep routines, Global timer is being used")
                                                                      ^
../src/randa.cpp: In function 'int main()':
../src/randa.cpp:101:45: error: expected primary-expression before '/' token
  udp_sendto(pcb, p, &host_addr, HOST_PORT);*/
                                             ^
../src/randa.cpp:119:7: warning: unused variable 'val' [-Wunused-variable]
   int val;
       ^~~
make: *** [src/subdir.mk:42: src/randa.o] Error 1
00:39:51 **** Auto Build of configuration Debug for project LiME ****
make pre-build main-build 
a9-linaro-pre-build-step
' '
'Building file: ../src/randa.cpp'
'Invoking: ARM v7 g++ compiler'
arm-none-eabi-g++ -DZYNQ -DHPL_CALL_VSIPL -DXILTIME -DSTANDALONE -Wall -O0 -g3 -c -fmessage-length=0 -MT"src/randa.o" -mcpu=cortex-a9 -mfpu=vfpv3 -mfloat-abi=hard -I../../LiME_bsp/ps7_cortexa9_0/include -MMD -MP -MF"src/randa.d" -MT"src/randa.o" -o "src/randa.o" "../src/randa.cpp"
In file included from ../src/randa.cpp:14:0:
../src/monitor.h:11:0: warning: "ZYNQ" redefined
 #define ZYNQ
 
<command-line>:0:0: note: this is the location of the previous definition
In file included from ../src/monitor.h:123:0,
                 from ../src/randa.cpp:14:
../../LiME_bsp/ps7_cortexa9_0/include/xtime_l.h:87:70: note: #pragma message: For the sleep routines, Global timer is being used
 #pragma message ("For the sleep routines, Global timer is being used")
                                                                      ^
../src/randa.cpp: In function 'int main()':
../src/randa.cpp:120:7: warning: unused variable 'val' [-Wunused-variable]
   int val;
       ^~~
'Finished building: ../src/randa.cpp'
' '
'Building target: LiME.elf'
'Invoking: ARM v7 g++ linker'
arm-none-eabi-g++ -mcpu=cortex-a9 -mfpu=vfpv3 -mfloat-abi=hard -Wl,-build-id=none -specs=Xilinx.spec -Wl,-T -Wl,../src/lscript.ld -L../../LiME_bsp/ps7_cortexa9_0/lib -o "LiME.elf"  ./src/core_single_cpu_lcg.o ./src/platform.o ./src/platform_zynq.o ./src/randa.o ./src/udp_perf_server.o ./src/utility.o   -Wl,--start-group,-lxil,-lgcc,-lc,-lstdc++,--end-group -Wl,--start-group,-lxil,-llwip4,-lgcc,-lc,--end-group
'Finished building target: LiME.elf'
' '
'Invoking: ARM v7 Print Size'
arm-none-eabi-size LiME.elf  |tee "LiME.elf.size"
   text	   data	    bss	    dec	    hex	filename
 183136	   3472	13711672	13898280	 d41228	LiME.elf
'Finished building: LiME.elf.size'
' '
00:40:27 **** Auto Build of configuration Debug for project LiME ****
make pre-build main-build 
a9-linaro-pre-build-step
' '
'Building file: ../src/randa.cpp'
'Invoking: ARM v7 g++ compiler'
arm-none-eabi-g++ -DZYNQ -DHPL_CALL_VSIPL -DXILTIME -DSTANDALONE -Wall -O0 -g3 -c -fmessage-length=0 -MT"src/randa.o" -mcpu=cortex-a9 -mfpu=vfpv3 -mfloat-abi=hard -I../../LiME_bsp/ps7_cortexa9_0/include -MMD -MP -MF"src/randa.d" -MT"src/randa.o" -o "src/randa.o" "../src/randa.cpp"
In file included from ../src/randa.cpp:14:0:
../src/monitor.h:11:0: warning: "ZYNQ" redefined
 #define ZYNQ
 
<command-line>:0:0: note: this is the location of the previous definition
In file included from ../src/monitor.h:123:0,
                 from ../src/randa.cpp:14:
../../LiME_bsp/ps7_cortexa9_0/include/xtime_l.h:87:70: note: #pragma message: For the sleep routines, Global timer is being used
 #pragma message ("For the sleep routines, Global timer is being used")
                                                                      ^
../src/randa.cpp: In function 'int main()':
../src/randa.cpp:120:7: warning: unused variable 'val' [-Wunused-variable]
   int val;
       ^~~
'Finished building: ../src/randa.cpp'
' '
'Building target: LiME.elf'
'Invoking: ARM v7 g++ linker'
arm-none-eabi-g++ -mcpu=cortex-a9 -mfpu=vfpv3 -mfloat-abi=hard -Wl,-build-id=none -specs=Xilinx.spec -Wl,-T -Wl,../src/lscript.ld -L../../LiME_bsp/ps7_cortexa9_0/lib -o "LiME.elf"  ./src/core_single_cpu_lcg.o ./src/platform.o ./src/platform_zynq.o ./src/randa.o ./src/udp_perf_server.o ./src/utility.o   -Wl,--start-group,-lxil,-lgcc,-lc,-lstdc++,--end-group -Wl,--start-group,-lxil,-llwip4,-lgcc,-lc,--end-group
'Finished building target: LiME.elf'
' '
'Invoking: ARM v7 Print Size'
arm-none-eabi-size LiME.elf  |tee "LiME.elf.size"
   text	   data	    bss	    dec	    hex	filename
 183072	   3472	13711672	13898216	 d411e8	LiME.elf
'Finished building: LiME.elf.size'
' '
00:40:56 **** Auto Build of configuration Debug for project LiME ****
make pre-build main-build 
a9-linaro-pre-build-step
' '
'Building file: ../src/core_single_cpu_lcg.cpp'
'Invoking: ARM v7 g++ compiler'
arm-none-eabi-g++ -DZYNQ -DHPL_CALL_VSIPL -DXILTIME -DSTANDALONE -Wall -O0 -g3 -c -fmessage-length=0 -MT"src/core_single_cpu_lcg.o" -mcpu=cortex-a9 -mfpu=vfpv3 -mfloat-abi=hard -I../../LiME_bsp/ps7_cortexa9_0/include -MMD -MP -MF"src/core_single_cpu_lcg.d" -MT"src/core_single_cpu_lcg.o" -o "src/core_single_cpu_lcg.o" "../src/core_single_cpu_lcg.cpp"
In file included from ../src/core_single_cpu_lcg.cpp:53:0:
../src/monitor.h:11:0: warning: "ZYNQ" redefined
 #define ZYNQ
 
<command-line>:0:0: note: this is the location of the previous definition
In file included from ../src/core_single_cpu_lcg.cpp:53:0:
../src/monitor.h:29:8: error: 'pbuf' does not name a type; did you mean 'powf'?
 extern pbuf *p;;
        ^~~~
        powf
In file included from ../src/monitor.h:124:0,
                 from ../src/core_single_cpu_lcg.cpp:53:
../../LiME_bsp/ps7_cortexa9_0/include/xtime_l.h:87:70: note: #pragma message: For the sleep routines, Global timer is being used
 #pragma message ("For the sleep routines, Global timer is being used")
                                                                      ^
In file included from ../src/core_single_cpu_lcg.cpp:53:0:
../src/monitor.h: In function 'void trace_capture()':
../src/monitor.h:338:13: error: 'pcb' was not declared in this scope
  udp_sendto(pcb, p, &host_addr, HOST_PORT);
             ^~~
../src/monitor.h:338:18: error: 'p' was not declared in this scope
  udp_sendto(pcb, p, &host_addr, HOST_PORT);
                  ^
../src/monitor.h:338:22: error: 'host_addr' was not declared in this scope
  udp_sendto(pcb, p, &host_addr, HOST_PORT);
                      ^~~~~~~~~
../src/monitor.h:338:22: note: suggested alternative: 'last_addr'
  udp_sendto(pcb, p, &host_addr, HOST_PORT);
                      ^~~~~~~~~
                      last_addr
../src/monitor.h:338:33: error: 'HOST_PORT' was not declared in this scope
  udp_sendto(pcb, p, &host_addr, HOST_PORT);
                                 ^~~~~~~~~
../src/monitor.h:338:33: note: suggested alternative: 'XST_UART'
  udp_sendto(pcb, p, &host_addr, HOST_PORT);
                                 ^~~~~~~~~
                                 XST_UART
../src/monitor.h:338:2: error: 'udp_sendto' was not declared in this scope
  udp_sendto(pcb, p, &host_addr, HOST_PORT);
  ^~~~~~~~~~
../src/monitor.h:338:2: note: suggested alternative: 'fd_set'
  udp_sendto(pcb, p, &host_addr, HOST_PORT);
  ^~~~~~~~~~
  fd_set
make: *** [src/subdir.mk:42: src/core_single_cpu_lcg.o] Error 1
00:41:39 **** Auto Build of configuration Debug for project LiME ****
make pre-build main-build 
a9-linaro-pre-build-step
' '
'Building file: ../src/core_single_cpu_lcg.cpp'
'Invoking: ARM v7 g++ compiler'
arm-none-eabi-g++ -DZYNQ -DHPL_CALL_VSIPL -DXILTIME -DSTANDALONE -Wall -O0 -g3 -c -fmessage-length=0 -MT"src/core_single_cpu_lcg.o" -mcpu=cortex-a9 -mfpu=vfpv3 -mfloat-abi=hard -I../../LiME_bsp/ps7_cortexa9_0/include -MMD -MP -MF"src/core_single_cpu_lcg.d" -MT"src/core_single_cpu_lcg.o" -o "src/core_single_cpu_lcg.o" "../src/core_single_cpu_lcg.cpp"
In file included from ../src/core_single_cpu_lcg.cpp:53:0:
../src/monitor.h:11:0: warning: "ZYNQ" redefined
 #define ZYNQ
 
<command-line>:0:0: note: this is the location of the previous definition
In file included from ../src/core_single_cpu_lcg.cpp:53:0:
../src/monitor.h:29:8: error: 'pbuf' does not name a type; did you mean 'powf'?
 extern pbuf *p;
        ^~~~
        powf
../src/monitor.h:30:8: error: 'ip_addr_t' does not name a type; did you mean 'caddr_t'?
 extern ip_addr_t host_addr;
        ^~~~~~~~~
        caddr_t
In file included from ../src/monitor.h:125:0,
                 from ../src/core_single_cpu_lcg.cpp:53:
../../LiME_bsp/ps7_cortexa9_0/include/xtime_l.h:87:70: note: #pragma message: For the sleep routines, Global timer is being used
 #pragma message ("For the sleep routines, Global timer is being used")
                                                                      ^
In file included from ../src/core_single_cpu_lcg.cpp:53:0:
../src/monitor.h: In function 'void trace_capture()':
../src/monitor.h:339:13: error: 'pcb' was not declared in this scope
  udp_sendto(pcb, p, &host_addr, HOST_PORT);
             ^~~
../src/monitor.h:339:18: error: 'p' was not declared in this scope
  udp_sendto(pcb, p, &host_addr, HOST_PORT);
                  ^
../src/monitor.h:339:22: error: 'host_addr' was not declared in this scope
  udp_sendto(pcb, p, &host_addr, HOST_PORT);
                      ^~~~~~~~~
../src/monitor.h:339:22: note: suggested alternative: 'last_addr'
  udp_sendto(pcb, p, &host_addr, HOST_PORT);
                      ^~~~~~~~~
                      last_addr
../src/monitor.h:339:33: error: 'HOST_PORT' was not declared in this scope
  udp_sendto(pcb, p, &host_addr, HOST_PORT);
                                 ^~~~~~~~~
../src/monitor.h:339:33: note: suggested alternative: 'XST_UART'
  udp_sendto(pcb, p, &host_addr, HOST_PORT);
                                 ^~~~~~~~~
                                 XST_UART
../src/monitor.h:339:2: error: 'udp_sendto' was not declared in this scope
  udp_sendto(pcb, p, &host_addr, HOST_PORT);
  ^~~~~~~~~~
../src/monitor.h:339:2: note: suggested alternative: 'fd_set'
  udp_sendto(pcb, p, &host_addr, HOST_PORT);
  ^~~~~~~~~~
  fd_set
make: *** [src/subdir.mk:42: src/core_single_cpu_lcg.o] Error 1
00:42:19 **** Auto Build of configuration Debug for project LiME ****
make pre-build main-build 
a9-linaro-pre-build-step
' '
'Building file: ../src/core_single_cpu_lcg.cpp'
'Invoking: ARM v7 g++ compiler'
arm-none-eabi-g++ -DZYNQ -DHPL_CALL_VSIPL -DXILTIME -DSTANDALONE -Wall -O0 -g3 -c -fmessage-length=0 -MT"src/core_single_cpu_lcg.o" -mcpu=cortex-a9 -mfpu=vfpv3 -mfloat-abi=hard -I../../LiME_bsp/ps7_cortexa9_0/include -MMD -MP -MF"src/core_single_cpu_lcg.d" -MT"src/core_single_cpu_lcg.o" -o "src/core_single_cpu_lcg.o" "../src/core_single_cpu_lcg.cpp"
In file included from ../src/core_single_cpu_lcg.cpp:53:0:
../src/monitor.h:30:8: error: 'ip_addr_t' does not name a type; did you mean 'caddr_t'?
 extern ip_addr_t host_addr;
        ^~~~~~~~~
        caddr_t
In file included from ../src/monitor.h:125:0,
                 from ../src/core_single_cpu_lcg.cpp:53:
../../LiME_bsp/ps7_cortexa9_0/include/xtime_l.h:87:70: note: #pragma message: For the sleep routines, Global timer is being used
 #pragma message ("For the sleep routines, Global timer is being used")
                                                                      ^
In file included from ../src/core_single_cpu_lcg.cpp:53:0:
../src/monitor.h: In function 'void trace_capture()':
../src/monitor.h:339:13: error: 'pcb' was not declared in this scope
  udp_sendto(pcb, p, &host_addr, HOST_PORT);
             ^~~
../src/monitor.h:339:22: error: 'host_addr' was not declared in this scope
  udp_sendto(pcb, p, &host_addr, HOST_PORT);
                      ^~~~~~~~~
../src/monitor.h:339:22: note: suggested alternative: 'last_addr'
  udp_sendto(pcb, p, &host_addr, HOST_PORT);
                      ^~~~~~~~~
                      last_addr
../src/monitor.h:339:33: error: 'HOST_PORT' was not declared in this scope
  udp_sendto(pcb, p, &host_addr, HOST_PORT);
                                 ^~~~~~~~~
../src/monitor.h:339:33: note: suggested alternative: 'XST_UART'
  udp_sendto(pcb, p, &host_addr, HOST_PORT);
                                 ^~~~~~~~~
                                 XST_UART
../src/monitor.h:339:2: error: 'udp_sendto' was not declared in this scope
  udp_sendto(pcb, p, &host_addr, HOST_PORT);
  ^~~~~~~~~~
../src/monitor.h:339:2: note: suggested alternative: 'fd_set'
  udp_sendto(pcb, p, &host_addr, HOST_PORT);
  ^~~~~~~~~~
  fd_set
make: *** [src/subdir.mk:42: src/core_single_cpu_lcg.o] Error 1
00:43:07 **** Auto Build of configuration Debug for project LiME ****
make pre-build main-build 
a9-linaro-pre-build-step
' '
'Building file: ../src/core_single_cpu_lcg.cpp'
'Invoking: ARM v7 g++ compiler'
arm-none-eabi-g++ -DZYNQ -DHPL_CALL_VSIPL -DXILTIME -DSTANDALONE -Wall -O0 -g3 -c -fmessage-length=0 -MT"src/core_single_cpu_lcg.o" -mcpu=cortex-a9 -mfpu=vfpv3 -mfloat-abi=hard -I../../LiME_bsp/ps7_cortexa9_0/include -MMD -MP -MF"src/core_single_cpu_lcg.d" -MT"src/core_single_cpu_lcg.o" -o "src/core_single_cpu_lcg.o" "../src/core_single_cpu_lcg.cpp"
In file included from ../src/monitor.h:135:0,
                 from ../src/core_single_cpu_lcg.cpp:53:
../../LiME_bsp/ps7_cortexa9_0/include/xtime_l.h:87:70: note: #pragma message: For the sleep routines, Global timer is being used
 #pragma message ("For the sleep routines, Global timer is being used")
                                                                      ^
In file included from ../src/core_single_cpu_lcg.cpp:53:0:
../src/monitor.h: In function 'void trace_capture()':
../src/monitor.h:349:13: error: 'pcb' was not declared in this scope
  udp_sendto(pcb, p, &host_addr, HOST_PORT);
             ^~~
../src/monitor.h:349:33: error: 'HOST_PORT' was not declared in this scope
  udp_sendto(pcb, p, &host_addr, HOST_PORT);
                                 ^~~~~~~~~
../src/monitor.h:349:33: note: suggested alternative: 'XST_UART'
  udp_sendto(pcb, p, &host_addr, HOST_PORT);
                                 ^~~~~~~~~
                                 XST_UART
make: *** [src/subdir.mk:42: src/core_single_cpu_lcg.o] Error 1
00:43:41 **** Auto Build of configuration Debug for project LiME ****
make pre-build main-build 
a9-linaro-pre-build-step
' '
'Building file: ../src/core_single_cpu_lcg.cpp'
'Invoking: ARM v7 g++ compiler'
arm-none-eabi-g++ -DZYNQ -DHPL_CALL_VSIPL -DXILTIME -DSTANDALONE -Wall -O0 -g3 -c -fmessage-length=0 -MT"src/core_single_cpu_lcg.o" -mcpu=cortex-a9 -mfpu=vfpv3 -mfloat-abi=hard -I../../LiME_bsp/ps7_cortexa9_0/include -MMD -MP -MF"src/core_single_cpu_lcg.d" -MT"src/core_single_cpu_lcg.o" -o "src/core_single_cpu_lcg.o" "../src/core_single_cpu_lcg.cpp"
In file included from ../src/monitor.h:137:0,
                 from ../src/core_single_cpu_lcg.cpp:53:
../../LiME_bsp/ps7_cortexa9_0/include/xtime_l.h:87:70: note: #pragma message: For the sleep routines, Global timer is being used
 #pragma message ("For the sleep routines, Global timer is being used")
                                                                      ^
In file included from ../src/core_single_cpu_lcg.cpp:53:0:
../src/monitor.h: In function 'void trace_capture()':
../src/monitor.h:351:13: error: 'pcb' was not declared in this scope
  udp_sendto(pcb, p, &host_addr, HOST_PORT);
             ^~~
make: *** [src/subdir.mk:42: src/core_single_cpu_lcg.o] Error 1
00:44:20 **** Auto Build of configuration Debug for project LiME ****
make pre-build main-build 
a9-linaro-pre-build-step
' '
'Building file: ../src/core_single_cpu_lcg.cpp'
'Invoking: ARM v7 g++ compiler'
arm-none-eabi-g++ -DZYNQ -DHPL_CALL_VSIPL -DXILTIME -DSTANDALONE -Wall -O0 -g3 -c -fmessage-length=0 -MT"src/core_single_cpu_lcg.o" -mcpu=cortex-a9 -mfpu=vfpv3 -mfloat-abi=hard -I../../LiME_bsp/ps7_cortexa9_0/include -MMD -MP -MF"src/core_single_cpu_lcg.d" -MT"src/core_single_cpu_lcg.o" -o "src/core_single_cpu_lcg.o" "../src/core_single_cpu_lcg.cpp"
In file included from ../src/monitor.h:138:0,
                 from ../src/core_single_cpu_lcg.cpp:53:
../../LiME_bsp/ps7_cortexa9_0/include/xtime_l.h:87:70: note: #pragma message: For the sleep routines, Global timer is being used
 #pragma message ("For the sleep routines, Global timer is being used")
                                                                      ^
'Finished building: ../src/core_single_cpu_lcg.cpp'
' '
'Building file: ../src/randa.cpp'
'Invoking: ARM v7 g++ compiler'
arm-none-eabi-g++ -DZYNQ -DHPL_CALL_VSIPL -DXILTIME -DSTANDALONE -Wall -O0 -g3 -c -fmessage-length=0 -MT"src/randa.o" -mcpu=cortex-a9 -mfpu=vfpv3 -mfloat-abi=hard -I../../LiME_bsp/ps7_cortexa9_0/include -MMD -MP -MF"src/randa.d" -MT"src/randa.o" -o "src/randa.o" "../src/randa.cpp"
In file included from ../src/monitor.h:138:0,
                 from ../src/randa.cpp:14:
../../LiME_bsp/ps7_cortexa9_0/include/xtime_l.h:87:70: note: #pragma message: For the sleep routines, Global timer is being used
 #pragma message ("For the sleep routines, Global timer is being used")
                                                                      ^
../src/randa.cpp:44:24: error: 'pcb' was declared 'extern' and later 'static' [-fpermissive]
 static struct udp_pcb *pcb;
                        ^~~
In file included from ../src/randa.cpp:14:0:
../src/monitor.h:43:24: note: previous declaration of 'pcb'
 extern struct udp_pcb *pcb;
                        ^~~
../src/randa.cpp: In function 'int main()':
../src/randa.cpp:120:7: warning: unused variable 'val' [-Wunused-variable]
   int val;
       ^~~
make: *** [src/subdir.mk:42: src/randa.o] Error 1
00:44:56 **** Auto Build of configuration Debug for project LiME ****
make pre-build main-build 
a9-linaro-pre-build-step
' '
'Building file: ../src/core_single_cpu_lcg.cpp'
'Invoking: ARM v7 g++ compiler'
arm-none-eabi-g++ -DZYNQ -DHPL_CALL_VSIPL -DXILTIME -DSTANDALONE -Wall -O0 -g3 -c -fmessage-length=0 -MT"src/core_single_cpu_lcg.o" -mcpu=cortex-a9 -mfpu=vfpv3 -mfloat-abi=hard -I../../LiME_bsp/ps7_cortexa9_0/include -MMD -MP -MF"src/core_single_cpu_lcg.d" -MT"src/core_single_cpu_lcg.o" -o "src/core_single_cpu_lcg.o" "../src/core_single_cpu_lcg.cpp"
In file included from ../src/core_single_cpu_lcg.cpp:53:0:
../src/monitor.h:43:31: error: conflicting specifiers in declaration of 'pcb'
 extern static struct udp_pcb *pcb;
                               ^~~
In file included from ../src/monitor.h:138:0,
                 from ../src/core_single_cpu_lcg.cpp:53:
../../LiME_bsp/ps7_cortexa9_0/include/xtime_l.h:87:70: note: #pragma message: For the sleep routines, Global timer is being used
 #pragma message ("For the sleep routines, Global timer is being used")
                                                                      ^
In file included from ../src/core_single_cpu_lcg.cpp:53:0:
../src/monitor.h: In function 'void trace_capture()':
../src/monitor.h:352:13: error: 'pcb' was not declared in this scope
  udp_sendto(pcb, p, &host_addr, HOST_PORT);
             ^~~
make: *** [src/subdir.mk:42: src/core_single_cpu_lcg.o] Error 1
00:45:16 **** Auto Build of configuration Debug for project LiME ****
make pre-build main-build 
a9-linaro-pre-build-step
' '
'Building file: ../src/core_single_cpu_lcg.cpp'
'Invoking: ARM v7 g++ compiler'
arm-none-eabi-g++ -DZYNQ -DHPL_CALL_VSIPL -DXILTIME -DSTANDALONE -Wall -O0 -g3 -c -fmessage-length=0 -MT"src/core_single_cpu_lcg.o" -mcpu=cortex-a9 -mfpu=vfpv3 -mfloat-abi=hard -I../../LiME_bsp/ps7_cortexa9_0/include -MMD -MP -MF"src/core_single_cpu_lcg.d" -MT"src/core_single_cpu_lcg.o" -o "src/core_single_cpu_lcg.o" "../src/core_single_cpu_lcg.cpp"
In file included from ../src/core_single_cpu_lcg.cpp:53:0:
../src/monitor.h:43:31: error: conflicting specifiers in declaration of 'pcb'
 extern static struct udp_pcb *pcb;
                               ^~~
In file included from ../src/monitor.h:138:0,
                 from ../src/core_single_cpu_lcg.cpp:53:
../../LiME_bsp/ps7_cortexa9_0/include/xtime_l.h:87:70: note: #pragma message: For the sleep routines, Global timer is being used
 #pragma message ("For the sleep routines, Global timer is being used")
                                                                      ^
In file included from ../src/core_single_cpu_lcg.cpp:53:0:
../src/monitor.h: In function 'void trace_capture()':
../src/monitor.h:352:13: error: 'pcb' was not declared in this scope
  udp_sendto(pcb, p, &host_addr, HOST_PORT);
             ^~~
make: *** [src/subdir.mk:42: src/core_single_cpu_lcg.o] Error 1
00:45:30 **** Auto Build of configuration Debug for project LiME ****
make pre-build main-build 
a9-linaro-pre-build-step
' '
'Building file: ../src/core_single_cpu_lcg.cpp'
'Invoking: ARM v7 g++ compiler'
arm-none-eabi-g++ -DZYNQ -DHPL_CALL_VSIPL -DXILTIME -DSTANDALONE -Wall -O0 -g3 -c -fmessage-length=0 -MT"src/core_single_cpu_lcg.o" -mcpu=cortex-a9 -mfpu=vfpv3 -mfloat-abi=hard -I../../LiME_bsp/ps7_cortexa9_0/include -MMD -MP -MF"src/core_single_cpu_lcg.d" -MT"src/core_single_cpu_lcg.o" -o "src/core_single_cpu_lcg.o" "../src/core_single_cpu_lcg.cpp"
In file included from ../src/monitor.h:138:0,
                 from ../src/core_single_cpu_lcg.cpp:53:
../../LiME_bsp/ps7_cortexa9_0/include/xtime_l.h:87:70: note: #pragma message: For the sleep routines, Global timer is being used
 #pragma message ("For the sleep routines, Global timer is being used")
                                                                      ^
'Finished building: ../src/core_single_cpu_lcg.cpp'
' '
'Building file: ../src/randa.cpp'
'Invoking: ARM v7 g++ compiler'
arm-none-eabi-g++ -DZYNQ -DHPL_CALL_VSIPL -DXILTIME -DSTANDALONE -Wall -O0 -g3 -c -fmessage-length=0 -MT"src/randa.o" -mcpu=cortex-a9 -mfpu=vfpv3 -mfloat-abi=hard -I../../LiME_bsp/ps7_cortexa9_0/include -MMD -MP -MF"src/randa.d" -MT"src/randa.o" -o "src/randa.o" "../src/randa.cpp"
In file included from ../src/monitor.h:138:0,
                 from ../src/randa.cpp:14:
../../LiME_bsp/ps7_cortexa9_0/include/xtime_l.h:87:70: note: #pragma message: For the sleep routines, Global timer is being used
 #pragma message ("For the sleep routines, Global timer is being used")
                                                                      ^
../src/randa.cpp: In function 'int main()':
../src/randa.cpp:120:7: warning: unused variable 'val' [-Wunused-variable]
   int val;
       ^~~
'Finished building: ../src/randa.cpp'
' '
'Building target: LiME.elf'
'Invoking: ARM v7 g++ linker'
arm-none-eabi-g++ -mcpu=cortex-a9 -mfpu=vfpv3 -mfloat-abi=hard -Wl,-build-id=none -specs=Xilinx.spec -Wl,-T -Wl,../src/lscript.ld -L../../LiME_bsp/ps7_cortexa9_0/lib -o "LiME.elf"  ./src/core_single_cpu_lcg.o ./src/platform.o ./src/platform_zynq.o ./src/randa.o ./src/udp_perf_server.o ./src/utility.o   -Wl,--start-group,-lxil,-lgcc,-lc,-lstdc++,--end-group -Wl,--start-group,-lxil,-llwip4,-lgcc,-lc,--end-group
'Finished building target: LiME.elf'
' '
'Invoking: ARM v7 Print Size'
arm-none-eabi-size LiME.elf  |tee "LiME.elf.size"
   text	   data	    bss	    dec	    hex	filename
 183124	   3472	13711664	13898260	 d41214	LiME.elf
'Finished building: LiME.elf.size'
' '
00:47:39 **** Auto Build of configuration Debug for project LiME ****
make pre-build main-build 
a9-linaro-pre-build-step
' '
'Building file: ../src/core_single_cpu_lcg.cpp'
'Invoking: ARM v7 g++ compiler'
arm-none-eabi-g++ -DZYNQ -DHPL_CALL_VSIPL -DXILTIME -DSTANDALONE -Wall -O0 -g3 -c -fmessage-length=0 -MT"src/core_single_cpu_lcg.o" -mcpu=cortex-a9 -mfpu=vfpv3 -mfloat-abi=hard -I../../LiME_bsp/ps7_cortexa9_0/include -MMD -MP -MF"src/core_single_cpu_lcg.d" -MT"src/core_single_cpu_lcg.o" -o "src/core_single_cpu_lcg.o" "../src/core_single_cpu_lcg.cpp"
In file included from ../src/monitor.h:138:0,
                 from ../src/core_single_cpu_lcg.cpp:53:
../../LiME_bsp/ps7_cortexa9_0/include/xtime_l.h:87:70: note: #pragma message: For the sleep routines, Global timer is being used
 #pragma message ("For the sleep routines, Global timer is being used")
                                                                      ^
In file included from ../src/core_single_cpu_lcg.cpp:53:0:
../src/monitor.h: In function 'void trace_capture()':
../src/monitor.h:354:42: error: too few arguments to function 'void* memcpy(void*, const void*, size_t)'
  memcpy(p->payload, (int *)0x70000000 + 2), 1024);
                                          ^
In file included from c:\xilinx\sdk\2018.3\gnu\aarch32\nt\gcc-arm-none-eabi\arm-none-eabi\libc\usr\include\stdio.h:29:0,
                 from ../src/hpcc.h:15,
                 from ../src/core_single_cpu_lcg.cpp:47:
c:\xilinx\sdk\2018.3\gnu\aarch32\nt\gcc-arm-none-eabi\arm-none-eabi\libc\usr\include\string.h:23:8: note: declared here
 _PTR   _EXFUN(memcpy,(_PTR __restrict, const _PTR __restrict, size_t));
        ^
make: *** [src/subdir.mk:42: src/core_single_cpu_lcg.o] Error 1
00:48:00 **** Auto Build of configuration Debug for project LiME ****
make pre-build main-build 
a9-linaro-pre-build-step
' '
'Building file: ../src/core_single_cpu_lcg.cpp'
'Invoking: ARM v7 g++ compiler'
arm-none-eabi-g++ -DZYNQ -DHPL_CALL_VSIPL -DXILTIME -DSTANDALONE -Wall -O0 -g3 -c -fmessage-length=0 -MT"src/core_single_cpu_lcg.o" -mcpu=cortex-a9 -mfpu=vfpv3 -mfloat-abi=hard -I../../LiME_bsp/ps7_cortexa9_0/include -MMD -MP -MF"src/core_single_cpu_lcg.d" -MT"src/core_single_cpu_lcg.o" -o "src/core_single_cpu_lcg.o" "../src/core_single_cpu_lcg.cpp"
In file included from ../src/monitor.h:138:0,
                 from ../src/core_single_cpu_lcg.cpp:53:
../../LiME_bsp/ps7_cortexa9_0/include/xtime_l.h:87:70: note: #pragma message: For the sleep routines, Global timer is being used
 #pragma message ("For the sleep routines, Global timer is being used")
                                                                      ^
'Finished building: ../src/core_single_cpu_lcg.cpp'
' '
'Building file: ../src/randa.cpp'
'Invoking: ARM v7 g++ compiler'
arm-none-eabi-g++ -DZYNQ -DHPL_CALL_VSIPL -DXILTIME -DSTANDALONE -Wall -O0 -g3 -c -fmessage-length=0 -MT"src/randa.o" -mcpu=cortex-a9 -mfpu=vfpv3 -mfloat-abi=hard -I../../LiME_bsp/ps7_cortexa9_0/include -MMD -MP -MF"src/randa.d" -MT"src/randa.o" -o "src/randa.o" "../src/randa.cpp"
In file included from ../src/monitor.h:138:0,
                 from ../src/randa.cpp:14:
../../LiME_bsp/ps7_cortexa9_0/include/xtime_l.h:87:70: note: #pragma message: For the sleep routines, Global timer is being used
 #pragma message ("For the sleep routines, Global timer is being used")
                                                                      ^
../src/randa.cpp: In function 'int main()':
../src/randa.cpp:120:7: warning: unused variable 'val' [-Wunused-variable]
   int val;
       ^~~
'Finished building: ../src/randa.cpp'
' '
'Building target: LiME.elf'
'Invoking: ARM v7 g++ linker'
arm-none-eabi-g++ -mcpu=cortex-a9 -mfpu=vfpv3 -mfloat-abi=hard -Wl,-build-id=none -specs=Xilinx.spec -Wl,-T -Wl,../src/lscript.ld -L../../LiME_bsp/ps7_cortexa9_0/lib -o "LiME.elf"  ./src/core_single_cpu_lcg.o ./src/platform.o ./src/platform_zynq.o ./src/randa.o ./src/udp_perf_server.o ./src/utility.o   -Wl,--start-group,-lxil,-lgcc,-lc,-lstdc++,--end-group -Wl,--start-group,-lxil,-llwip4,-lgcc,-lc,--end-group
'Finished building target: LiME.elf'
' '
'Invoking: ARM v7 Print Size'
arm-none-eabi-size LiME.elf  |tee "LiME.elf.size"
   text	   data	    bss	    dec	    hex	filename
 183196	   3472	13711664	13898332	 d4125c	LiME.elf
'Finished building: LiME.elf.size'
' '
00:48:13 **** Incremental Build of configuration Debug for project LiME ****
make pre-build main-build 
a9-linaro-pre-build-step
' '
make: Nothing to be done for 'main-build'.
00:49:30 **** Incremental Build of configuration Debug for project LiME ****
make pre-build main-build 
a9-linaro-pre-build-step
' '
make: Nothing to be done for 'main-build'.
00:52:22 **** Auto Build of configuration Debug for project LiME ****
make pre-build main-build 
a9-linaro-pre-build-step
' '
'Building file: ../src/core_single_cpu_lcg.cpp'
'Invoking: ARM v7 g++ compiler'
arm-none-eabi-g++ -DZYNQ -DHPL_CALL_VSIPL -DXILTIME -DSTANDALONE -Wall -O0 -g3 -c -fmessage-length=0 -MT"src/core_single_cpu_lcg.o" -mcpu=cortex-a9 -mfpu=vfpv3 -mfloat-abi=hard -I../../LiME_bsp/ps7_cortexa9_0/include -MMD -MP -MF"src/core_single_cpu_lcg.d" -MT"src/core_single_cpu_lcg.o" -o "src/core_single_cpu_lcg.o" "../src/core_single_cpu_lcg.cpp"
In file included from ../src/monitor.h:138:0,
                 from ../src/core_single_cpu_lcg.cpp:53:
../../LiME_bsp/ps7_cortexa9_0/include/xtime_l.h:87:70: note: #pragma message: For the sleep routines, Global timer is being used
 #pragma message ("For the sleep routines, Global timer is being used")
                                                                      ^
'Finished building: ../src/core_single_cpu_lcg.cpp'
' '
'Building file: ../src/randa.cpp'
'Invoking: ARM v7 g++ compiler'
arm-none-eabi-g++ -DZYNQ -DHPL_CALL_VSIPL -DXILTIME -DSTANDALONE -Wall -O0 -g3 -c -fmessage-length=0 -MT"src/randa.o" -mcpu=cortex-a9 -mfpu=vfpv3 -mfloat-abi=hard -I../../LiME_bsp/ps7_cortexa9_0/include -MMD -MP -MF"src/randa.d" -MT"src/randa.o" -o "src/randa.o" "../src/randa.cpp"
In file included from ../src/monitor.h:138:0,
                 from ../src/randa.cpp:14:
../../LiME_bsp/ps7_cortexa9_0/include/xtime_l.h:87:70: note: #pragma message: For the sleep routines, Global timer is being used
 #pragma message ("For the sleep routines, Global timer is being used")
                                                                      ^
../src/randa.cpp: In function 'int main()':
../src/randa.cpp:120:7: warning: unused variable 'val' [-Wunused-variable]
   int val;
       ^~~
'Finished building: ../src/randa.cpp'
' '
'Building target: LiME.elf'
'Invoking: ARM v7 g++ linker'
arm-none-eabi-g++ -mcpu=cortex-a9 -mfpu=vfpv3 -mfloat-abi=hard -Wl,-build-id=none -specs=Xilinx.spec -Wl,-T -Wl,../src/lscript.ld -L../../LiME_bsp/ps7_cortexa9_0/lib -o "LiME.elf"  ./src/core_single_cpu_lcg.o ./src/platform.o ./src/platform_zynq.o ./src/randa.o ./src/udp_perf_server.o ./src/utility.o   -Wl,--start-group,-lxil,-lgcc,-lc,-lstdc++,--end-group -Wl,--start-group,-lxil,-llwip4,-lgcc,-lc,--end-group
'Finished building target: LiME.elf'
' '
'Invoking: ARM v7 Print Size'
arm-none-eabi-size LiME.elf  |tee "LiME.elf.size"
   text	   data	    bss	    dec	    hex	filename
 183196	   3472	13711664	13898332	 d4125c	LiME.elf
'Finished building: LiME.elf.size'
' '
00:52:31 **** Incremental Build of configuration Debug for project LiME ****
make pre-build main-build 
a9-linaro-pre-build-step
' '
make: Nothing to be done for 'main-build'.
00:56:15 **** Auto Build of configuration Debug for project LiME ****
make pre-build main-build 
a9-linaro-pre-build-step
' '
'Building file: ../src/core_single_cpu_lcg.cpp'
'Invoking: ARM v7 g++ compiler'
arm-none-eabi-g++ -DZYNQ -DHPL_CALL_VSIPL -DXILTIME -DSTANDALONE -Wall -O0 -g3 -c -fmessage-length=0 -MT"src/core_single_cpu_lcg.o" -mcpu=cortex-a9 -mfpu=vfpv3 -mfloat-abi=hard -I../../LiME_bsp/ps7_cortexa9_0/include -MMD -MP -MF"src/core_single_cpu_lcg.d" -MT"src/core_single_cpu_lcg.o" -o "src/core_single_cpu_lcg.o" "../src/core_single_cpu_lcg.cpp"
In file included from ../src/monitor.h:138:0,
                 from ../src/core_single_cpu_lcg.cpp:53:
../../LiME_bsp/ps7_cortexa9_0/include/xtime_l.h:87:70: note: #pragma message: For the sleep routines, Global timer is being used
 #pragma message ("For the sleep routines, Global timer is being used")
                                                                      ^
In file included from ../src/core_single_cpu_lcg.cpp:53:0:
../src/monitor.h: In function 'void trace_capture()':
../src/monitor.h:356:25: error: expected ';' before ':' token
  for(int i = 0; i < 1024: i = i++) {
                         ^
../src/monitor.h:356:25: error: expected primary-expression before ':' token
../src/monitor.h:356:25: error: expected ')' before ':' token
../src/monitor.h:356:25: error: expected primary-expression before ':' token
../src/monitor.h:352:6: warning: unused variable 'line' [-Wunused-variable]
  int line;
      ^~~~
make: *** [src/subdir.mk:42: src/core_single_cpu_lcg.o] Error 1
00:56:45 **** Auto Build of configuration Debug for project LiME ****
make pre-build main-build 
a9-linaro-pre-build-step
' '
'Building file: ../src/core_single_cpu_lcg.cpp'
'Invoking: ARM v7 g++ compiler'
arm-none-eabi-g++ -DZYNQ -DHPL_CALL_VSIPL -DXILTIME -DSTANDALONE -Wall -O0 -g3 -c -fmessage-length=0 -MT"src/core_single_cpu_lcg.o" -mcpu=cortex-a9 -mfpu=vfpv3 -mfloat-abi=hard -I../../LiME_bsp/ps7_cortexa9_0/include -MMD -MP -MF"src/core_single_cpu_lcg.d" -MT"src/core_single_cpu_lcg.o" -o "src/core_single_cpu_lcg.o" "../src/core_single_cpu_lcg.cpp"
In file included from ../src/monitor.h:138:0,
                 from ../src/core_single_cpu_lcg.cpp:53:
../../LiME_bsp/ps7_cortexa9_0/include/xtime_l.h:87:70: note: #pragma message: For the sleep routines, Global timer is being used
 #pragma message ("For the sleep routines, Global timer is being used")
                                                                      ^
In file included from ../src/core_single_cpu_lcg.cpp:53:0:
../src/monitor.h: In function 'void trace_capture()':
../src/monitor.h:357:34: error: expected ';' before ')' token
   line = *((int *)0x70000000 + i));
                                  ^
../src/monitor.h:358:21: warning: pointer of type 'void *' used in arithmetic [-Wpointer-arith]
   memcpy(p->payload + i*4, (char *)line);
          ~~~~~~~~~~~^~~~~
../src/monitor.h:358:40: error: too few arguments to function 'void* memcpy(void*, const void*, size_t)'
   memcpy(p->payload + i*4, (char *)line);
                                        ^
In file included from c:\xilinx\sdk\2018.3\gnu\aarch32\nt\gcc-arm-none-eabi\arm-none-eabi\libc\usr\include\stdio.h:29:0,
                 from ../src/hpcc.h:15,
                 from ../src/core_single_cpu_lcg.cpp:47:
c:\xilinx\sdk\2018.3\gnu\aarch32\nt\gcc-arm-none-eabi\arm-none-eabi\libc\usr\include\string.h:23:8: note: declared here
 _PTR   _EXFUN(memcpy,(_PTR __restrict, const _PTR __restrict, size_t));
        ^
make: *** [src/subdir.mk:42: src/core_single_cpu_lcg.o] Error 1
00:56:58 **** Auto Build of configuration Debug for project LiME ****
make pre-build main-build 
a9-linaro-pre-build-step
' '
'Building file: ../src/core_single_cpu_lcg.cpp'
'Invoking: ARM v7 g++ compiler'
arm-none-eabi-g++ -DZYNQ -DHPL_CALL_VSIPL -DXILTIME -DSTANDALONE -Wall -O0 -g3 -c -fmessage-length=0 -MT"src/core_single_cpu_lcg.o" -mcpu=cortex-a9 -mfpu=vfpv3 -mfloat-abi=hard -I../../LiME_bsp/ps7_cortexa9_0/include -MMD -MP -MF"src/core_single_cpu_lcg.d" -MT"src/core_single_cpu_lcg.o" -o "src/core_single_cpu_lcg.o" "../src/core_single_cpu_lcg.cpp"
In file included from ../src/monitor.h:138:0,
                 from ../src/core_single_cpu_lcg.cpp:53:
../../LiME_bsp/ps7_cortexa9_0/include/xtime_l.h:87:70: note: #pragma message: For the sleep routines, Global timer is being used
 #pragma message ("For the sleep routines, Global timer is being used")
                                                                      ^
In file included from ../src/core_single_cpu_lcg.cpp:53:0:
../src/monitor.h: In function 'void trace_capture()':
../src/monitor.h:358:21: warning: pointer of type 'void *' used in arithmetic [-Wpointer-arith]
   memcpy(p->payload + i*4, (char *)line);
          ~~~~~~~~~~~^~~~~
../src/monitor.h:358:40: error: too few arguments to function 'void* memcpy(void*, const void*, size_t)'
   memcpy(p->payload + i*4, (char *)line);
                                        ^
In file included from c:\xilinx\sdk\2018.3\gnu\aarch32\nt\gcc-arm-none-eabi\arm-none-eabi\libc\usr\include\stdio.h:29:0,
                 from ../src/hpcc.h:15,
                 from ../src/core_single_cpu_lcg.cpp:47:
c:\xilinx\sdk\2018.3\gnu\aarch32\nt\gcc-arm-none-eabi\arm-none-eabi\libc\usr\include\string.h:23:8: note: declared here
 _PTR   _EXFUN(memcpy,(_PTR __restrict, const _PTR __restrict, size_t));
        ^
make: *** [src/subdir.mk:42: src/core_single_cpu_lcg.o] Error 1
00:57:17 **** Auto Build of configuration Debug for project LiME ****
make pre-build main-build 
a9-linaro-pre-build-step
' '
'Building file: ../src/core_single_cpu_lcg.cpp'
'Invoking: ARM v7 g++ compiler'
arm-none-eabi-g++ -DZYNQ -DHPL_CALL_VSIPL -DXILTIME -DSTANDALONE -Wall -O0 -g3 -c -fmessage-length=0 -MT"src/core_single_cpu_lcg.o" -mcpu=cortex-a9 -mfpu=vfpv3 -mfloat-abi=hard -I../../LiME_bsp/ps7_cortexa9_0/include -MMD -MP -MF"src/core_single_cpu_lcg.d" -MT"src/core_single_cpu_lcg.o" -o "src/core_single_cpu_lcg.o" "../src/core_single_cpu_lcg.cpp"
In file included from ../src/monitor.h:138:0,
                 from ../src/core_single_cpu_lcg.cpp:53:
../../LiME_bsp/ps7_cortexa9_0/include/xtime_l.h:87:70: note: #pragma message: For the sleep routines, Global timer is being used
 #pragma message ("For the sleep routines, Global timer is being used")
                                                                      ^
In file included from ../src/core_single_cpu_lcg.cpp:53:0:
../src/monitor.h: In function 'void trace_capture()':
../src/monitor.h:358:21: warning: pointer of type 'void *' used in arithmetic [-Wpointer-arith]
   memcpy(p->payload + i*4, (char *)line, 4);
          ~~~~~~~~~~~^~~~~
'Finished building: ../src/core_single_cpu_lcg.cpp'
' '
'Building file: ../src/randa.cpp'
'Invoking: ARM v7 g++ compiler'
arm-none-eabi-g++ -DZYNQ -DHPL_CALL_VSIPL -DXILTIME -DSTANDALONE -Wall -O0 -g3 -c -fmessage-length=0 -MT"src/randa.o" -mcpu=cortex-a9 -mfpu=vfpv3 -mfloat-abi=hard -I../../LiME_bsp/ps7_cortexa9_0/include -MMD -MP -MF"src/randa.d" -MT"src/randa.o" -o "src/randa.o" "../src/randa.cpp"
In file included from ../src/monitor.h:138:0,
                 from ../src/randa.cpp:14:
../../LiME_bsp/ps7_cortexa9_0/include/xtime_l.h:87:70: note: #pragma message: For the sleep routines, Global timer is being used
 #pragma message ("For the sleep routines, Global timer is being used")
                                                                      ^
In file included from ../src/randa.cpp:14:0:
../src/monitor.h: In function 'void trace_capture()':
../src/monitor.h:358:21: warning: pointer of type 'void *' used in arithmetic [-Wpointer-arith]
   memcpy(p->payload + i*4, (char *)line, 4);
          ~~~~~~~~~~~^~~~~
../src/randa.cpp: In function 'int main()':
../src/randa.cpp:120:7: warning: unused variable 'val' [-Wunused-variable]
   int val;
       ^~~
'Finished building: ../src/randa.cpp'
' '
'Building target: LiME.elf'
'Invoking: ARM v7 g++ linker'
arm-none-eabi-g++ -mcpu=cortex-a9 -mfpu=vfpv3 -mfloat-abi=hard -Wl,-build-id=none -specs=Xilinx.spec -Wl,-T -Wl,../src/lscript.ld -L../../LiME_bsp/ps7_cortexa9_0/lib -o "LiME.elf"  ./src/core_single_cpu_lcg.o ./src/platform.o ./src/platform_zynq.o ./src/randa.o ./src/udp_perf_server.o ./src/utility.o   -Wl,--start-group,-lxil,-lgcc,-lc,-lstdc++,--end-group -Wl,--start-group,-lxil,-llwip4,-lgcc,-lc,--end-group
'Finished building target: LiME.elf'
' '
'Invoking: ARM v7 Print Size'
arm-none-eabi-size LiME.elf  |tee "LiME.elf.size"
   text	   data	    bss	    dec	    hex	filename
 183300	   3472	13711664	13898436	 d412c4	LiME.elf
'Finished building: LiME.elf.size'
' '
00:57:28 **** Auto Build of configuration Debug for project LiME ****
make pre-build main-build 
a9-linaro-pre-build-step
' '
'Building file: ../src/core_single_cpu_lcg.cpp'
'Invoking: ARM v7 g++ compiler'
arm-none-eabi-g++ -DZYNQ -DHPL_CALL_VSIPL -DXILTIME -DSTANDALONE -Wall -O0 -g3 -c -fmessage-length=0 -MT"src/core_single_cpu_lcg.o" -mcpu=cortex-a9 -mfpu=vfpv3 -mfloat-abi=hard -I../../LiME_bsp/ps7_cortexa9_0/include -MMD -MP -MF"src/core_single_cpu_lcg.d" -MT"src/core_single_cpu_lcg.o" -o "src/core_single_cpu_lcg.o" "../src/core_single_cpu_lcg.cpp"
In file included from ../src/monitor.h:138:0,
                 from ../src/core_single_cpu_lcg.cpp:53:
../../LiME_bsp/ps7_cortexa9_0/include/xtime_l.h:87:70: note: #pragma message: For the sleep routines, Global timer is being used
 #pragma message ("For the sleep routines, Global timer is being used")
                                                                      ^
In file included from ../src/core_single_cpu_lcg.cpp:53:0:
../src/monitor.h: In function 'void trace_capture()':
../src/monitor.h:358:21: warning: pointer of type 'void *' used in arithmetic [-Wpointer-arith]
   memcpy(p->payload + i*4, (char *)line, 4);
          ~~~~~~~~~~~^~~~~
'Finished building: ../src/core_single_cpu_lcg.cpp'
' '
'Building file: ../src/randa.cpp'
'Invoking: ARM v7 g++ compiler'
arm-none-eabi-g++ -DZYNQ -DHPL_CALL_VSIPL -DXILTIME -DSTANDALONE -Wall -O0 -g3 -c -fmessage-length=0 -MT"src/randa.o" -mcpu=cortex-a9 -mfpu=vfpv3 -mfloat-abi=hard -I../../LiME_bsp/ps7_cortexa9_0/include -MMD -MP -MF"src/randa.d" -MT"src/randa.o" -o "src/randa.o" "../src/randa.cpp"
In file included from ../src/monitor.h:138:0,
                 from ../src/randa.cpp:14:
../../LiME_bsp/ps7_cortexa9_0/include/xtime_l.h:87:70: note: #pragma message: For the sleep routines, Global timer is being used
 #pragma message ("For the sleep routines, Global timer is being used")
                                                                      ^
In file included from ../src/randa.cpp:14:0:
../src/monitor.h: In function 'void trace_capture()':
../src/monitor.h:358:21: warning: pointer of type 'void *' used in arithmetic [-Wpointer-arith]
   memcpy(p->payload + i*4, (char *)line, 4);
          ~~~~~~~~~~~^~~~~
../src/randa.cpp: In function 'int main()':
../src/randa.cpp:120:7: warning: unused variable 'val' [-Wunused-variable]
   int val;
       ^~~
'Finished building: ../src/randa.cpp'
' '
'Building target: LiME.elf'
'Invoking: ARM v7 g++ linker'
arm-none-eabi-g++ -mcpu=cortex-a9 -mfpu=vfpv3 -mfloat-abi=hard -Wl,-build-id=none -specs=Xilinx.spec -Wl,-T -Wl,../src/lscript.ld -L../../LiME_bsp/ps7_cortexa9_0/lib -o "LiME.elf"  ./src/core_single_cpu_lcg.o ./src/platform.o ./src/platform_zynq.o ./src/randa.o ./src/udp_perf_server.o ./src/utility.o   -Wl,--start-group,-lxil,-lgcc,-lc,-lstdc++,--end-group -Wl,--start-group,-lxil,-llwip4,-lgcc,-lc,--end-group
'Finished building target: LiME.elf'
' '
'Invoking: ARM v7 Print Size'
arm-none-eabi-size LiME.elf  |tee "LiME.elf.size"
   text	   data	    bss	    dec	    hex	filename
 183268	   3472	13711664	13898404	 d412a4	LiME.elf
'Finished building: LiME.elf.size'
' '
00:57:54 **** Auto Build of configuration Debug for project LiME ****
make pre-build main-build 
a9-linaro-pre-build-step
' '
'Building file: ../src/core_single_cpu_lcg.cpp'
'Invoking: ARM v7 g++ compiler'
arm-none-eabi-g++ -DZYNQ -DHPL_CALL_VSIPL -DXILTIME -DSTANDALONE -Wall -O0 -g3 -c -fmessage-length=0 -MT"src/core_single_cpu_lcg.o" -mcpu=cortex-a9 -mfpu=vfpv3 -mfloat-abi=hard -I../../LiME_bsp/ps7_cortexa9_0/include -MMD -MP -MF"src/core_single_cpu_lcg.d" -MT"src/core_single_cpu_lcg.o" -o "src/core_single_cpu_lcg.o" "../src/core_single_cpu_lcg.cpp"
In file included from ../src/monitor.h:135:0,
                 from ../src/core_single_cpu_lcg.cpp:53:
../../LiME_bsp/ps7_cortexa9_0/include/xtime_l.h:87:70: note: #pragma message: For the sleep routines, Global timer is being used
 #pragma message ("For the sleep routines, Global timer is being used")
                                                                      ^
In file included from ../src/core_single_cpu_lcg.cpp:53:0:
../src/monitor.h: In function 'void trace_capture()':
../src/monitor.h:355:21: warning: pointer of type 'void *' used in arithmetic [-Wpointer-arith]
   memcpy(p->payload + i*4, (char *)line, 4);
          ~~~~~~~~~~~^~~~~
'Finished building: ../src/core_single_cpu_lcg.cpp'
' '
'Building file: ../src/randa.cpp'
'Invoking: ARM v7 g++ compiler'
arm-none-eabi-g++ -DZYNQ -DHPL_CALL_VSIPL -DXILTIME -DSTANDALONE -Wall -O0 -g3 -c -fmessage-length=0 -MT"src/randa.o" -mcpu=cortex-a9 -mfpu=vfpv3 -mfloat-abi=hard -I../../LiME_bsp/ps7_cortexa9_0/include -MMD -MP -MF"src/randa.d" -MT"src/randa.o" -o "src/randa.o" "../src/randa.cpp"
In file included from ../src/monitor.h:135:0,
                 from ../src/randa.cpp:14:
../../LiME_bsp/ps7_cortexa9_0/include/xtime_l.h:87:70: note: #pragma message: For the sleep routines, Global timer is being used
 #pragma message ("For the sleep routines, Global timer is being used")
                                                                      ^
In file included from ../src/randa.cpp:14:0:
[...]
'Finished building target: LiME.elf'
' '
'Invoking: ARM v7 Print Size'
arm-none-eabi-size LiME.elf  |tee "LiME.elf.size"
   text	   data	    bss	    dec	    hex	filename
 216312	   3472	13711672	13931456	 d493c0	LiME.elf
'Finished building: LiME.elf.size'
' '
22:49:48 **** Incremental Build of configuration Debug for project LiME ****
make pre-build main-build 
a9-linaro-pre-build-step
' '
make: Nothing to be done for 'main-build'.
22:54:10 **** Auto Build of configuration Debug for project LiME ****
make pre-build main-build 
a9-linaro-pre-build-step
' '
'Building file: ../src/core_single_cpu_lcg.cpp'
'Invoking: ARM v7 g++ compiler'
arm-none-eabi-g++ -DZYNQ -DHPL_CALL_VSIPL -DXILTIME -DSTANDALONE -Wall -O0 -g3 -c -fmessage-length=0 -MT"src/core_single_cpu_lcg.o" -mcpu=cortex-a9 -mfpu=vfpv3 -mfloat-abi=hard -I../../LiME_bsp/ps7_cortexa9_0/include -MMD -MP -MF"src/core_single_cpu_lcg.d" -MT"src/core_single_cpu_lcg.o" -o "src/core_single_cpu_lcg.o" "../src/core_single_cpu_lcg.cpp"
In file included from ../src/monitor.h:131:0,
                 from ../src/core_single_cpu_lcg.cpp:53:
../../LiME_bsp/ps7_cortexa9_0/include/xtime_l.h:87:70: note: #pragma message: For the sleep routines, Global timer is being used
 #pragma message ("For the sleep routines, Global timer is being used")
                                                                      ^
'Finished building: ../src/core_single_cpu_lcg.cpp'
' '
'Building file: ../src/randa.cpp'
'Invoking: ARM v7 g++ compiler'
arm-none-eabi-g++ -DZYNQ -DHPL_CALL_VSIPL -DXILTIME -DSTANDALONE -Wall -O0 -g3 -c -fmessage-length=0 -MT"src/randa.o" -mcpu=cortex-a9 -mfpu=vfpv3 -mfloat-abi=hard -I../../LiME_bsp/ps7_cortexa9_0/include -MMD -MP -MF"src/randa.d" -MT"src/randa.o" -o "src/randa.o" "../src/randa.cpp"
In file included from ../src/monitor.h:131:0,
                 from ../src/randa.cpp:14:
../../LiME_bsp/ps7_cortexa9_0/include/xtime_l.h:87:70: note: #pragma message: For the sleep routines, Global timer is being used
 #pragma message ("For the sleep routines, Global timer is being used")
                                                                      ^
'Finished building: ../src/randa.cpp'
' '
'Building target: LiME.elf'
'Invoking: ARM v7 g++ linker'
arm-none-eabi-g++ -mcpu=cortex-a9 -mfpu=vfpv3 -mfloat-abi=hard -Wl,-build-id=none -specs=Xilinx.spec -Wl,-T -Wl,../src/lscript.ld -L../../LiME_bsp/ps7_cortexa9_0/lib -o "LiME.elf"  ./src/core_single_cpu_lcg.o ./src/platform.o ./src/platform_zynq.o ./src/randa.o ./src/udp_perf_server.o ./src/utility.o   -Wl,--start-group,-lxil,-lgcc,-lc,-lstdc++,--end-group -Wl,--start-group,-lxil,-llwip4,-lgcc,-lc,--end-group
'Finished building target: LiME.elf'
' '
'Invoking: ARM v7 Print Size'
arm-none-eabi-size LiME.elf  |tee "LiME.elf.size"
   text	   data	    bss	    dec	    hex	filename
 216312	   3472	13711672	13931456	 d493c0	LiME.elf
'Finished building: LiME.elf.size'
' '
22:54:21 **** Incremental Build of configuration Debug for project LiME ****
make pre-build main-build 
a9-linaro-pre-build-step
' '
make: Nothing to be done for 'main-build'.
22:56:23 **** Auto Build of configuration Debug for project LiME ****
make pre-build main-build 
a9-linaro-pre-build-step
' '
'Building file: ../src/core_single_cpu_lcg.cpp'
'Invoking: ARM v7 g++ compiler'
arm-none-eabi-g++ -DZYNQ -DHPL_CALL_VSIPL -DXILTIME -DSTANDALONE -Wall -O0 -g3 -c -fmessage-length=0 -MT"src/core_single_cpu_lcg.o" -mcpu=cortex-a9 -mfpu=vfpv3 -mfloat-abi=hard -I../../LiME_bsp/ps7_cortexa9_0/include -MMD -MP -MF"src/core_single_cpu_lcg.d" -MT"src/core_single_cpu_lcg.o" -o "src/core_single_cpu_lcg.o" "../src/core_single_cpu_lcg.cpp"
In file included from ../src/monitor.h:131:0,
                 from ../src/core_single_cpu_lcg.cpp:53:
../../LiME_bsp/ps7_cortexa9_0/include/xtime_l.h:87:70: note: #pragma message: For the sleep routines, Global timer is being used
 #pragma message ("For the sleep routines, Global timer is being used")
                                                                      ^
'Finished building: ../src/core_single_cpu_lcg.cpp'
' '
'Building file: ../src/randa.cpp'
'Invoking: ARM v7 g++ compiler'
arm-none-eabi-g++ -DZYNQ -DHPL_CALL_VSIPL -DXILTIME -DSTANDALONE -Wall -O0 -g3 -c -fmessage-length=0 -MT"src/randa.o" -mcpu=cortex-a9 -mfpu=vfpv3 -mfloat-abi=hard -I../../LiME_bsp/ps7_cortexa9_0/include -MMD -MP -MF"src/randa.d" -MT"src/randa.o" -o "src/randa.o" "../src/randa.cpp"
In file included from ../src/monitor.h:131:0,
                 from ../src/randa.cpp:14:
../../LiME_bsp/ps7_cortexa9_0/include/xtime_l.h:87:70: note: #pragma message: For the sleep routines, Global timer is being used
 #pragma message ("For the sleep routines, Global timer is being used")
                                                                      ^
'Finished building: ../src/randa.cpp'
' '
'Building target: LiME.elf'
'Invoking: ARM v7 g++ linker'
arm-none-eabi-g++ -mcpu=cortex-a9 -mfpu=vfpv3 -mfloat-abi=hard -Wl,-build-id=none -specs=Xilinx.spec -Wl,-T -Wl,../src/lscript.ld -L../../LiME_bsp/ps7_cortexa9_0/lib -o "LiME.elf"  ./src/core_single_cpu_lcg.o ./src/platform.o ./src/platform_zynq.o ./src/randa.o ./src/udp_perf_server.o ./src/utility.o   -Wl,--start-group,-lxil,-lgcc,-lc,-lstdc++,--end-group -Wl,--start-group,-lxil,-llwip4,-lgcc,-lc,--end-group
'Finished building target: LiME.elf'
' '
'Invoking: ARM v7 Print Size'
arm-none-eabi-size LiME.elf  |tee "LiME.elf.size"
   text	   data	    bss	    dec	    hex	filename
 216192	   3472	13711672	13931336	 d49348	LiME.elf
'Finished building: LiME.elf.size'
' '
22:56:39 **** Incremental Build of configuration Debug for project LiME ****
22:56:54 **** Incremental Build of configuration Debug for project LiME ****
make pre-build main-build 
a9-linaro-pre-build-step
' '
make: Nothing to be done for 'main-build'.
17:15:48 **** Incremental Build of configuration Debug for project LiME ****
make pre-build main-build 
a9-linaro-pre-build-step
' '
make: Nothing to be done for 'main-build'.
17:28:37 **** Auto Build of configuration Debug for project LiME ****
make pre-build main-build 
a9-linaro-pre-build-step
' '
'Building file: ../src/randa.cpp'
'Invoking: ARM v7 g++ compiler'
arm-none-eabi-g++ -DZYNQ -DHPL_CALL_VSIPL -DXILTIME -DSTANDALONE -Wall -O0 -g3 -c -fmessage-length=0 -MT"src/randa.o" -mcpu=cortex-a9 -mfpu=vfpv3 -mfloat-abi=hard -I../../LiME_bsp/ps7_cortexa9_0/include -MMD -MP -MF"src/randa.d" -MT"src/randa.o" -o "src/randa.o" "../src/randa.cpp"
In file included from ../src/monitor.h:131:0,
                 from ../src/randa.cpp:14:
../../LiME_bsp/ps7_cortexa9_0/include/xtime_l.h:87:70: note: #pragma message: For the sleep routines, Global timer is being used
 #pragma message ("For the sleep routines, Global timer is being used")
                                                                      ^
'Finished building: ../src/randa.cpp'
' '
'Building target: LiME.elf'
'Invoking: ARM v7 g++ linker'
arm-none-eabi-g++ -mcpu=cortex-a9 -mfpu=vfpv3 -mfloat-abi=hard -Wl,-build-id=none -specs=Xilinx.spec -Wl,-T -Wl,../src/lscript.ld -L../../LiME_bsp/ps7_cortexa9_0/lib -o "LiME.elf"  ./src/core_single_cpu_lcg.o ./src/platform.o ./src/platform_zynq.o ./src/randa.o ./src/udp_perf_server.o ./src/utility.o   -Wl,--start-group,-lxil,-lgcc,-lc,-lstdc++,--end-group -Wl,--start-group,-lxil,-llwip4,-lgcc,-lc,--end-group
'Finished building target: LiME.elf'
' '
'Invoking: ARM v7 Print Size'
arm-none-eabi-size LiME.elf  |tee "LiME.elf.size"
   text	   data	    bss	    dec	    hex	filename
 216192	   3472	13711672	13931336	 d49348	LiME.elf
'Finished building: LiME.elf.size'
' '
17:28:43 **** Incremental Build of configuration Debug for project LiME ****
make pre-build main-build 
a9-linaro-pre-build-step
' '
make: Nothing to be done for 'main-build'.
18:26:49 **** Auto Build of configuration Debug for project LiME ****
make pre-build main-build 
a9-linaro-pre-build-step
' '
'Building file: ../src/randa.cpp'
'Invoking: ARM v7 g++ compiler'
arm-none-eabi-g++ -DZYNQ -DHPL_CALL_VSIPL -DXILTIME -DSTANDALONE -Wall -O0 -g3 -c -fmessage-length=0 -MT"src/randa.o" -mcpu=cortex-a9 -mfpu=vfpv3 -mfloat-abi=hard -I../../LiME_bsp/ps7_cortexa9_0/include -MMD -MP -MF"src/randa.d" -MT"src/randa.o" -o "src/randa.o" "../src/randa.cpp"
In file included from ../src/monitor.h:131:0,
                 from ../src/randa.cpp:14:
../../LiME_bsp/ps7_cortexa9_0/include/xtime_l.h:87:70: note: #pragma message: For the sleep routines, Global timer is being used
 #pragma message ("For the sleep routines, Global timer is being used")
                                                                      ^
'Finished building: ../src/randa.cpp'
' '
'Building target: LiME.elf'
'Invoking: ARM v7 g++ linker'
arm-none-eabi-g++ -mcpu=cortex-a9 -mfpu=vfpv3 -mfloat-abi=hard -Wl,-build-id=none -specs=Xilinx.spec -Wl,-T -Wl,../src/lscript.ld -L../../LiME_bsp/ps7_cortexa9_0/lib -o "LiME.elf"  ./src/core_single_cpu_lcg.o ./src/platform.o ./src/platform_zynq.o ./src/randa.o ./src/udp_perf_server.o ./src/utility.o   -Wl,--start-group,-lxil,-lgcc,-lc,-lstdc++,--end-group -Wl,--start-group,-lxil,-llwip4,-lgcc,-lc,--end-group
'Finished building target: LiME.elf'
' '
'Invoking: ARM v7 Print Size'
arm-none-eabi-size LiME.elf  |tee "LiME.elf.size"
   text	   data	    bss	    dec	    hex	filename
 216128	   3472	13711672	13931272	 d49308	LiME.elf
'Finished building: LiME.elf.size'
' '
18:26:59 **** Incremental Build of configuration Debug for project LiME ****
make pre-build main-build 
a9-linaro-pre-build-step
' '
make: Nothing to be done for 'main-build'.
18:27:55 **** Incremental Build of configuration Debug for project LiME ****
make pre-build main-build 
a9-linaro-pre-build-step
' '
make: Nothing to be done for 'main-build'.
18:38:08 **** Auto Build of configuration Debug for project LiME ****
make pre-build main-build 
a9-linaro-pre-build-step
' '
'Building file: ../src/randa.cpp'
'Invoking: ARM v7 g++ compiler'
arm-none-eabi-g++ -DZYNQ -DHPL_CALL_VSIPL -DXILTIME -DSTANDALONE -Wall -O0 -g3 -c -fmessage-length=0 -MT"src/randa.o" -mcpu=cortex-a9 -mfpu=vfpv3 -mfloat-abi=hard -I../../LiME_bsp/ps7_cortexa9_0/include -MMD -MP -MF"src/randa.d" -MT"src/randa.o" -o "src/randa.o" "../src/randa.cpp"
In file included from ../src/monitor.h:131:0,
                 from ../src/randa.cpp:14:
../../LiME_bsp/ps7_cortexa9_0/include/xtime_l.h:87:70: note: #pragma message: For the sleep routines, Global timer is being used
 #pragma message ("For the sleep routines, Global timer is being used")
                                                                      ^
'Finished building: ../src/randa.cpp'
' '
'Building target: LiME.elf'
'Invoking: ARM v7 g++ linker'
arm-none-eabi-g++ -mcpu=cortex-a9 -mfpu=vfpv3 -mfloat-abi=hard -Wl,-build-id=none -specs=Xilinx.spec -Wl,-T -Wl,../src/lscript.ld -L../../LiME_bsp/ps7_cortexa9_0/lib -o "LiME.elf"  ./src/core_single_cpu_lcg.o ./src/platform.o ./src/platform_zynq.o ./src/randa.o ./src/udp_perf_server.o ./src/utility.o   -Wl,--start-group,-lxil,-lgcc,-lc,-lstdc++,--end-group -Wl,--start-group,-lxil,-llwip4,-lgcc,-lc,--end-group
'Finished building target: LiME.elf'
' '
'Invoking: ARM v7 Print Size'
arm-none-eabi-size LiME.elf  |tee "LiME.elf.size"
   text	   data	    bss	    dec	    hex	filename
 216192	   3472	13711672	13931336	 d49348	LiME.elf
'Finished building: LiME.elf.size'
' '
18:38:16 **** Incremental Build of configuration Debug for project LiME ****
make pre-build main-build 
a9-linaro-pre-build-step
' '
make: Nothing to be done for 'main-build'.
18:42:42 **** Incremental Build of configuration Debug for project LiME ****
make pre-build main-build 
a9-linaro-pre-build-step
' '
make: Nothing to be done for 'main-build'.
19:31:38 **** Auto Build of configuration Debug for project LiME ****
make pre-build main-build 
a9-linaro-pre-build-step
' '
'Building file: ../src/randa.cpp'
'Invoking: ARM v7 g++ compiler'
arm-none-eabi-g++ -DZYNQ -DHPL_CALL_VSIPL -DXILTIME -DSTANDALONE -Wall -O0 -g3 -c -fmessage-length=0 -MT"src/randa.o" -mcpu=cortex-a9 -mfpu=vfpv3 -mfloat-abi=hard -I../../LiME_bsp/ps7_cortexa9_0/include -MMD -MP -MF"src/randa.d" -MT"src/randa.o" -o "src/randa.o" "../src/randa.cpp"
In file included from ../src/monitor.h:131:0,
                 from ../src/randa.cpp:14:
../../LiME_bsp/ps7_cortexa9_0/include/xtime_l.h:87:70: note: #pragma message: For the sleep routines, Global timer is being used
 #pragma message ("For the sleep routines, Global timer is being used")
                                                                      ^
'Finished building: ../src/randa.cpp'
' '
'Building target: LiME.elf'
'Invoking: ARM v7 g++ linker'
arm-none-eabi-g++ -mcpu=cortex-a9 -mfpu=vfpv3 -mfloat-abi=hard -Wl,-build-id=none -specs=Xilinx.spec -Wl,-T -Wl,../src/lscript.ld -L../../LiME_bsp/ps7_cortexa9_0/lib -o "LiME.elf"  ./src/core_single_cpu_lcg.o ./src/platform.o ./src/platform_zynq.o ./src/randa.o ./src/udp_perf_server.o ./src/utility.o   -Wl,--start-group,-lxil,-lgcc,-lc,-lstdc++,--end-group -Wl,--start-group,-lxil,-llwip4,-lgcc,-lc,--end-group
'Finished building target: LiME.elf'
' '
'Invoking: ARM v7 Print Size'
arm-none-eabi-size LiME.elf  |tee "LiME.elf.size"
   text	   data	    bss	    dec	    hex	filename
 216192	   3472	13711672	13931336	 d49348	LiME.elf
'Finished building: LiME.elf.size'
' '
19:31:46 **** Incremental Build of configuration Debug for project LiME ****
make pre-build main-build 
a9-linaro-pre-build-step
' '
make: Nothing to be done for 'main-build'.
19:43:02 **** Incremental Build of configuration Debug for project LiME ****
make pre-build main-build 
a9-linaro-pre-build-step
' '
make: Nothing to be done for 'main-build'.
19:43:25 **** Incremental Build of configuration Debug for project LiME ****
make pre-build main-build 
a9-linaro-pre-build-step
' '
make: Nothing to be done for 'main-build'.
19:43:57 **** Incremental Build of configuration Debug for project LiME ****
make pre-build main-build 
a9-linaro-pre-build-step
' '
make: Nothing to be done for 'main-build'.
19:45:47 **** Incremental Build of configuration Debug for project LiME ****
make pre-build main-build 
a9-linaro-pre-build-step
' '
make: Nothing to be done for 'main-build'.
19:46:54 **** Incremental Build of configuration Debug for project LiME ****
make pre-build main-build 
a9-linaro-pre-build-step
' '
make: Nothing to be done for 'main-build'.
19:48:17 **** Incremental Build of configuration Debug for project LiME ****
make pre-build main-build 
a9-linaro-pre-build-step
' '
make: Nothing to be done for 'main-build'.
20:01:56 **** Auto Build of configuration Debug for project LiME ****
make pre-build main-build 
a9-linaro-pre-build-step
' '
'Building file: ../src/randa.cpp'
'Invoking: ARM v7 g++ compiler'
arm-none-eabi-g++ -DZYNQ -DHPL_CALL_VSIPL -DXILTIME -DSTANDALONE -Wall -O0 -g3 -c -fmessage-length=0 -MT"src/randa.o" -mcpu=cortex-a9 -mfpu=vfpv3 -mfloat-abi=hard -I../../LiME_bsp/ps7_cortexa9_0/include -MMD -MP -MF"src/randa.d" -MT"src/randa.o" -o "src/randa.o" "../src/randa.cpp"
In file included from ../src/monitor.h:131:0,
                 from ../src/randa.cpp:14:
../../LiME_bsp/ps7_cortexa9_0/include/xtime_l.h:87:70: note: #pragma message: For the sleep routines, Global timer is being used
 #pragma message ("For the sleep routines, Global timer is being used")
                                                                      ^
'Finished building: ../src/randa.cpp'
' '
'Building target: LiME.elf'
'Invoking: ARM v7 g++ linker'
arm-none-eabi-g++ -mcpu=cortex-a9 -mfpu=vfpv3 -mfloat-abi=hard -Wl,-build-id=none -specs=Xilinx.spec -Wl,-T -Wl,../src/lscript.ld -L../../LiME_bsp/ps7_cortexa9_0/lib -o "LiME.elf"  ./src/core_single_cpu_lcg.o ./src/platform.o ./src/platform_zynq.o ./src/randa.o ./src/udp_perf_server.o ./src/utility.o   -Wl,--start-group,-lxil,-lgcc,-lc,-lstdc++,--end-group -Wl,--start-group,-lxil,-llwip4,-lgcc,-lc,--end-group
'Finished building target: LiME.elf'
' '
'Invoking: ARM v7 Print Size'
arm-none-eabi-size LiME.elf  |tee "LiME.elf.size"
   text	   data	    bss	    dec	    hex	filename
 216256	   3472	13711672	13931400	 d49388	LiME.elf
'Finished building: LiME.elf.size'
' '
21:14:17 **** Auto Build of configuration Debug for project LiME ****
make pre-build main-build 
a9-linaro-pre-build-step
' '
'Building file: ../src/randa.cpp'
'Invoking: ARM v7 g++ compiler'
arm-none-eabi-g++ -DZYNQ -DHPL_CALL_VSIPL -DXILTIME -DSTANDALONE -Wall -O0 -g3 -c -fmessage-length=0 -MT"src/randa.o" -mcpu=cortex-a9 -mfpu=vfpv3 -mfloat-abi=hard -I../../LiME_bsp/ps7_cortexa9_0/include -MMD -MP -MF"src/randa.d" -MT"src/randa.o" -o "src/randa.o" "../src/randa.cpp"
In file included from ../src/monitor.h:131:0,
                 from ../src/randa.cpp:14:
../../LiME_bsp/ps7_cortexa9_0/include/xtime_l.h:87:70: note: #pragma message: For the sleep routines, Global timer is being used
 #pragma message ("For the sleep routines, Global timer is being used")
                                                                      ^
'Finished building: ../src/randa.cpp'
' '
'Building target: LiME.elf'
'Invoking: ARM v7 g++ linker'
arm-none-eabi-g++ -mcpu=cortex-a9 -mfpu=vfpv3 -mfloat-abi=hard -Wl,-build-id=none -specs=Xilinx.spec -Wl,-T -Wl,../src/lscript.ld -L../../LiME_bsp/ps7_cortexa9_0/lib -o "LiME.elf"  ./src/core_single_cpu_lcg.o ./src/platform.o ./src/platform_zynq.o ./src/randa.o ./src/udp_perf_server.o ./src/utility.o   -Wl,--start-group,-lxil,-lgcc,-lc,-lstdc++,--end-group -Wl,--start-group,-lxil,-llwip4,-lgcc,-lc,--end-group
'Finished building target: LiME.elf'
' '
'Invoking: ARM v7 Print Size'
arm-none-eabi-size LiME.elf  |tee "LiME.elf.size"
   text	   data	    bss	    dec	    hex	filename
 216336	   3472	13711672	13931480	 d493d8	LiME.elf
'Finished building: LiME.elf.size'
' '
21:14:26 **** Incremental Build of configuration Debug for project LiME ****
make pre-build main-build 
a9-linaro-pre-build-step
' '
make: Nothing to be done for 'main-build'.
21:20:16 **** Auto Build of configuration Debug for project LiME ****
make pre-build main-build 
a9-linaro-pre-build-step
' '
'Building file: ../src/randa.cpp'
'Invoking: ARM v7 g++ compiler'
arm-none-eabi-g++ -DZYNQ -DHPL_CALL_VSIPL -DXILTIME -DSTANDALONE -Wall -O0 -g3 -c -fmessage-length=0 -MT"src/randa.o" -mcpu=cortex-a9 -mfpu=vfpv3 -mfloat-abi=hard -I../../LiME_bsp/ps7_cortexa9_0/include -MMD -MP -MF"src/randa.d" -MT"src/randa.o" -o "src/randa.o" "../src/randa.cpp"
In file included from ../src/monitor.h:131:0,
                 from ../src/randa.cpp:14:
../../LiME_bsp/ps7_cortexa9_0/include/xtime_l.h:87:70: note: #pragma message: For the sleep routines, Global timer is being used
 #pragma message ("For the sleep routines, Global timer is being used")
                                                                      ^
'Finished building: ../src/randa.cpp'
' '
'Building target: LiME.elf'
'Invoking: ARM v7 g++ linker'
arm-none-eabi-g++ -mcpu=cortex-a9 -mfpu=vfpv3 -mfloat-abi=hard -Wl,-build-id=none -specs=Xilinx.spec -Wl,-T -Wl,../src/lscript.ld -L../../LiME_bsp/ps7_cortexa9_0/lib -o "LiME.elf"  ./src/core_single_cpu_lcg.o ./src/platform.o ./src/platform_zynq.o ./src/randa.o ./src/udp_perf_server.o ./src/utility.o   -Wl,--start-group,-lxil,-lgcc,-lc,-lstdc++,--end-group -Wl,--start-group,-lxil,-llwip4,-lgcc,-lc,--end-group
'Finished building target: LiME.elf'
' '
'Invoking: ARM v7 Print Size'
arm-none-eabi-size LiME.elf  |tee "LiME.elf.size"
   text	   data	    bss	    dec	    hex	filename
 216336	   3472	13711672	13931480	 d493d8	LiME.elf
'Finished building: LiME.elf.size'
' '
21:20:21 **** Incremental Build of configuration Debug for project LiME ****
make pre-build main-build 
a9-linaro-pre-build-step
' '
make: Nothing to be done for 'main-build'.
