19:11:31 **** Build of configuration Debug for project LiME_bsp_xaxipmon_polled_example_1 ****
make pre-build main-build 
a9-linaro-pre-build-step
' '
'Building file: ../src/xaxipmon_polled_example.c'
'Invoking: ARM v7 gcc compiler'
arm-none-eabi-gcc -Wall -O0 -g3 -c -fmessage-length=0 -MT"src/xaxipmon_polled_example.o" -mcpu=cortex-a9 -mfpu=vfpv3 -mfloat-abi=hard -I../../LiME_bsp/ps7_cortexa9_0/include -MMD -MP -MF"src/xaxipmon_polled_example.d" -MT"src/xaxipmon_polled_example.o" -o "src/xaxipmon_polled_example.o" "../src/xaxipmon_polled_example.c"
'Finished building: ../src/xaxipmon_polled_example.c'
' '
'Building target: LiME_bsp_xaxipmon_polled_example_1.elf'
'Invoking: ARM v7 gcc linker'
arm-none-eabi-gcc -mcpu=cortex-a9 -mfpu=vfpv3 -mfloat-abi=hard -Wl,-build-id=none -specs=Xilinx.spec -Wl,-T -Wl,../src/lscript.ld -L../../LiME_bsp/ps7_cortexa9_0/lib -o "LiME_bsp_xaxipmon_polled_example_1.elf"  ./src/xaxipmon_polled_example.o   -Wl,--start-group,-lxil,-lgcc,-lc,--end-group -Wl,--start-group,-lxil,-llwip4,-lgcc,-lc,--end-group
'Finished building target: LiME_bsp_xaxipmon_polled_example_1.elf'
' '
'Invoking: ARM v7 Print Size'
arm-none-eabi-size LiME_bsp_xaxipmon_polled_example_1.elf  |tee "LiME_bsp_xaxipmon_polled_example_1.elf.size"
   text	   data	    bss	    dec	    hex	filename
  33016	   1192	  22632	  56840	   de08	LiME_bsp_xaxipmon_polled_example_1.elf
'Finished building: LiME_bsp_xaxipmon_polled_example_1.elf.size'
' '

19:11:33 Build Finished (took 2s.111ms)

