00:13:42 **** Auto Build of configuration Debug for project test_udp ****
make pre-build main-build 
a9-linaro-pre-build-step
' '
'Building file: ../src/main.c'
'Invoking: ARM v7 gcc compiler'
arm-none-eabi-gcc -Wall -O0 -g3 -c -fmessage-length=0 -MT"src/main.o" -mcpu=cortex-a9 -mfpu=vfpv3 -mfloat-abi=hard -I../../LiME_bsp/ps7_cortexa9_0/include -MMD -MP -MF"src/main.d" -MT"src/main.o" -o "src/main.o" "../src/main.c"
../src/main.c:81:13: warning: 'print_ip_settings' defined but not used [-Wunused-function]
 static void print_ip_settings(ip_addr_t *ip, ip_addr_t *mask, ip_addr_t *gw)
             ^~~~~~~~~~~~~~~~~
'Finished building: ../src/main.c'
' '
'Building target: test_udp.elf'
'Invoking: ARM v7 gcc linker'
arm-none-eabi-gcc -mcpu=cortex-a9 -mfpu=vfpv3 -mfloat-abi=hard -Wl,-build-id=none -specs=Xilinx.spec -Wl,-T -Wl,../src/lscript.ld -L../../LiME_bsp/ps7_cortexa9_0/lib -o "test_udp.elf"  ./src/i2c_access.o ./src/iic_phyreset.o ./src/main.o ./src/platform.o ./src/platform_mb.o ./src/platform_zynq.o ./src/platform_zynqmp.o ./src/sfp.o ./src/si5324.o ./src/udp_perf_server.o   -Wl,--start-group,-lxil,-lgcc,-lc,--end-group -Wl,--start-group,-lxil,-llwip4,-lgcc,-lc,--end-group
'Finished building target: test_udp.elf'
' '
'Invoking: ARM v7 Print Size'
arm-none-eabi-size test_udp.elf  |tee "test_udp.elf.size"
   text	   data	    bss	    dec	    hex	filename
 141408	   3424	3266864	3411696	 340ef0	test_udp.elf
'Finished building: test_udp.elf.size'
' '

00:13:45 Build Finished (took 2s.528ms)

